Command: /home/reyaansh/.espressif/python_env/idf5.5_py3.13_env/bin/python /opt/esp-idf/tools/idf_monitor.py -p /dev/ttyACM0 -b 115200 --toolchain-prefix riscv32-esp-elf- --target esp32h2 --revision 0 --decode-panic backtrace /home/reyaansh/Documents/Coding/Github/Speechster_ESP32-H2-Testing/Speechster-ESP32-H2-Tesing-B1-PR1/BT-Test/build/BT-Test.elf /home/reyaansh/Documents/Coding/Github/Speechster_ESP32-H2-Testing/Speechster-ESP32-H2-Tesing-B1-PR1/BT-Test/build/bootloader/bootloader.elf -m '/home/reyaansh/.espressif/python_env/idf5.5_py3.13_env/bin/python' '/opt/esp-idf/tools/idf.py'
[0;32mI (110) esp_image: segment 2: paddr=00028020 vaddr=42000020 sizeESP-ROM:esp32h2-20221101[0m
Build:Nov  1 2022
rst:0x15 (USB_UART_HPSYS),boot:0xb (SPI_FAST_FLASH_BOOT)
Saved PC:0x408087a8
SPIWP:0xee
mode:DIO, clock div:1
load:0x408460f0,len:0x1700
load:0x4083c2d0,len:0xf78
load:0x4083efd0,len:0x2fdc
entry 0x4083c2da
[0;32mI (23) boot: ESP-IDF HEAD-HASH-NOTFOUND 2nd stage bootloader[0m
[0;32mI (23) boot: compile time Oct  6 2025 22:48:00[0m
[0;32mI (24) boot: chip revision: v0.1[0m
[0;32mI (25) boot: efuse block revision: v0.3[0m
[0;32mI (27) boot.esp32h2: SPI Speed      : 64MHz[0m
[0;32mI (31) boot.esp32h2: SPI Mode       : DIO[0m
[0;32mI (35) boot.esp32h2: SPI Flash Size : 2MB[0m
[0;32mI (39) boot: Enabling RNG early entropy source...[0m
[0;32mI (43) boot: Partition Table:[0m
[0;32mI (46) boot: ## Label            Usage          Type ST Offset   Length[0m
[0;32mI (52) boot:  0 nvs              WiFi data        01 02 00009000 00006000[0m
[0;32mI (59) boot:  1 phy_init         RF data          01 01 0000f000 00001000[0m
[0;32mI (65) boot:  2 factory          factory app      00 00 00010000 00100000[0m
[0;32mI (72) boot: End of partition table[0m
[0;32mI (75) esp_image: segment 0: paddr=00010020 vaddr=42088020 size=15790h ( 87952) map[0m
[0;32mI (105) esp_image: segment 1: paddr=000257b8 vaddr=40800000 size=02860h ( 10336) load[0m
[0;32mI (110) esp_image: segment 2: paddr=00028020 vaddr=42000020 size=82418h (533528) map[0m
[0;32mI (248) esp_image: segment 3: paddr=000aa440 vaddr=40802860 size=10a8ch ( 68236) load[0m
[0;32mI (269) esp_image: segment 4: paddr=000baed4 vaddr=408132f0 size=02204h (  8708) load[0m
[0;32mI (278) boot: Loaded app from partition at offset 0x10000[0m
[0;32mI (279) boot: Disabling RNG early entropy source...[0m
[0;32mI (288) cpu_start: Unicore app[0m
[0;32mI (297) cpu_start: Pro cpu start user code[0m
[0;32mI (297) cpu_start: cpu freq: 96000000 Hz[0m
[0;32mI (298) app_init: Application information:[0m
[0;32mI (298) app_init: Project name:     BT-Test[0m
[0;32mI (301) app_init: App version:      58367fd-dirty[0m
[0;32mI (305) app_init: Compile time:     Oct  7 2025 12:34:52[0m
[0;32mI (311) app_init: ELF file SHA256:  c007f752e...[0m
[0;32mI (315) app_init: ESP-IDF:          HEAD-HASH-NOTFOUND[0m
[0;32mI (320) efuse_init: Min chip rev:     v0.0[0m
[0;32mI (324) efuse_init: Max chip rev:     v1.99 [0m
[0;32mI (328) efuse_init: Chip rev:         v0.1[0m
[0;32mI (331) heap_init: Initializing. RAM available for dynamic allocation:[0m
[0;32mI (338) heap_init: At 40817830 len 00035B50 (214 KiB): RAM[0m
[0;32mI (343) heap_init: At 4084D380 len 00002B60 (10 KiB): RAM[0m
[0;32mI (348) heap_init: At 50000000 len 00000FE8 (3 KiB): RTCRAM[0m
[0;32mI (354) spi_flash: detected chip: gd[0m
[0;32mI (357) spi_flash: flash io: dio[0m
[0;33mW (359) spi_flash: Detected size(4096k) larger than the size in the binary image header(2048k). Using the size in the binary image header.[0m
[0;33mW (372) i2s(legacy): legacy i2s driver is deprecated, please migrate to use driver/i2s_std.h, driver/i2s_pdm.h or driver/i2s_tdm.h[0m
[0;33mW (383) ADC: legacy driver is deprecated, please migrate to `esp_adc/adc_oneshot.h`[0m
[0;32mI (391) sleep_gpio: Configure to isolate all GPIO pins in sleep state[0m
[0;32mI (397) sleep_gpio: Enable automatic switching of GPIO sleep configuration[0m
[0;32mI (404) coexist: coex firmware version: b0bcc39[0m
[0;32mI (408) main_task: Started on CPU0[0m
[0;32mI (408) main_task: Calling app_main()[0m
[0;32mI (408) speechster_h2: Speechster H2 starting[0m
[0;32mI (418) speechster_h2: I2S init done (BCK=4, WS=5, SD=10, SR=16000)[0m
[0;32mI (428) BLE_INIT: Using main XTAL as clock source[0m
[0;32mI (428) BLE_INIT: ble controller commit:[898f73c][0m
[0;33mW (438) BLE_INIT: BLE modem sleep is enabled[0m
[0;32mI (438) BLE_INIT: Bluetooth MAC: 74:4d:bd:65:9f:d4[0m
[0;32mI (448) phy: phy_version: 323,2, a8ef10c, Aug  1 2025, 17:46:10[0m
[0;32mI (468) phy: libbtbb version: 4515421, Aug  1 2025, 17:46:22[0m
[0;32mI (468) NimBLE: GAP procedure initiated: stop advertising.[0m

[0;32mI (468) NimBLE: Failed to restore IRKs from store; status=8[0m

[0;32mI (478) NimBLE: GAP procedure initiated: advertise; [0m
[0;32mI (478) NimBLE: disc_mode=2[0m
[0;32mI (478) NimBLE:  adv_channel_map=0 own_addr_type=0 adv_filter_policy=0 adv_itvl_min=0 adv_itvl_max=0[0m
[0;32mI (488) NimBLE: [0m

[0;32mI (488) speechster_h2: Advertising started (name=Speechster-H2)[0m
[0;32mI (498) speechster_h2: i2s_capture_task start[0m
[0;32mI (498) speechster_h2: fsr_task start (ADC channel 1)[0m
[0;32mI (498) speechster_h2: ble_sender_task start[0m
[0;32mI (508) speechster_h2: Main started; advertising automatically, UART logs enabled[0m
[0;32mI (518) main_task: Returned from app_main()[0m
[0;32mI (5588) speechster_h2: Connected (handle 0)[0m
[0;32mI (64668) speechster_h2: Disconnected; reason=531[0m
