Command: /home/reyaansh/.espressif/python_env/idf5.5_py3.13_env/bin/python /opt/esp-idf/tools/idf_monitor.py -p /dev/ttyACM0 -b 115200 --toolchain-prefix riscv32-esp-elf- --target esp32h2 --revision 0 --decode-panic backtrace /home/reyaansh/Documents/Coding/Github/Speechster_ESP32-H2-Testing/Speechster-ESP32-H2-Tesing-B1-PR1/BT-Test/build/BT-Test.elf /home/reyaansh/Documents/Coding/Github/Speechster_ESP32-H2-Testing/Speechster-ESP32-H2-Tesing-B1-PR1/BT-Test/build/bootloader/bootloader.elf -m '/home/reyaansh/.espressif/python_env/idf5.5_py3.13_env/bin/python' '/opt/esp-idf/tools/idf.py'
[0;32mI (106) esp_image: segment 1: paddr=00025bd8 vaddr=40800000 sizeESP-ROM:esp32h2-20221101[0m
Build:Nov  1 2022
rst:0x15 (USB_UART_HPSYS),boot:0xb (SPI_FAST_FLASH_BOOT)
Saved PC:0x408087a8
SPIWP:0xee
mode:DIO, clock div:1
load:0x408460f0,len:0x1700
load:0x4083c2d0,len:0xf78
load:0x4083efd0,len:0x2fdc
entry 0x4083c2da
[0;32mI (23) boot: ESP-IDF HEAD-HASH-NOTFOUND 2nd stage bootloader[0m
[0;32mI (23) boot: compile time Oct  6 2025 22:48:00[0m
[0;32mI (24) boot: chip revision: v0.1[0m
[0;32mI (25) boot: efuse block revision: v0.3[0m
[0;32mI (27) boot.esp32h2: SPI Speed      : 64MHz[0m
[0;32mI (31) boot.esp32h2: SPI Mode       : DIO[0m
[0;32mI (35) boot.esp32h2: SPI Flash Size : 2MB[0m
[0;32mI (39) boot: Enabling RNG early entropy source...[0m
[0;32mI (43) boot: Partition Table:[0m
[0;32mI (46) boot: ## Label            Usage          Type ST Offset   Length[0m
[0;32mI (52) boot:  0 nvs              WiFi data        01 02 00009000 00006000[0m
[0;32mI (59) boot:  1 phy_init         RF data          01 01 0000f000 00001000[0m
[0;32mI (65) boot:  2 factory          factory app      00 00 00010000 00100000[0m
[0;32mI (72) boot: End of partition table[0m
[0;32mI (75) esp_image: segment 0: paddr=00010020 vaddr=42088020 size=15bb0h ( 89008) map[0m
[0;32mI (106) esp_image: segment 1: paddr=00025bd8 vaddr=40800000 size=02440h (  9280) load[0m
[0;32mI (110) esp_image: segment 2: paddr=00028020 vaddr=42000020 size=8798ch (555404) map[0m
[0;32mI (254) esp_image: segment 3: paddr=000af9b4 vaddr=40802440 size=10each ( 69292) load[0m
[0;32mI (275) esp_image: segment 4: paddr=000c0868 vaddr=408132f0 size=02204h (  8708) load[0m
[0;32mI (284) boot: Loaded app from partition at offset 0x10000[0m
[0;32mI (285) boot: Disabling RNG early entropy source...[0m
[0;32mI (295) cpu_start: Unicore app[0m
[0;32mI (303) cpu_start: Pro cpu start user code[0m
[0;32mI (304) cpu_start: cpu freq: 96000000 Hz[0m
[0;32mI (304) app_init: Application information:[0m
[0;32mI (304) app_init: Project name:     BT-Test[0m
[0;32mI (307) app_init: App version:      58367fd-dirty[0m
[0;32mI (312) app_init: Compile time:     Oct  7 2025 12:34:52[0m
[0;32mI (317) app_init: ELF file SHA256:  705d09583...[0m
[0;32mI (321) app_init: ESP-IDF:          HEAD-HASH-NOTFOUND[0m
[0;32mI (326) efuse_init: Min chip rev:     v0.0[0m
[0;32mI (330) efuse_init: Max chip rev:     v1.99 [0m
[0;32mI (334) efuse_init: Chip rev:         v0.1[0m
[0;32mI (338) heap_init: Initializing. RAM available for dynamic allocation:[0m
[0;32mI (344) heap_init: At 40817830 len 00035B50 (214 KiB): RAM[0m
[0;32mI (349) heap_init: At 4084D380 len 00002B60 (10 KiB): RAM[0m
[0;32mI (354) heap_init: At 50000000 len 00000FE8 (3 KiB): RTCRAM[0m
[0;32mI (360) spi_flash: detected chip: gd[0m
[0;32mI (363) spi_flash: flash io: dio[0m
[0;33mW (366) spi_flash: Detected size(4096k) larger than the size in the binary image header(2048k). Using the size in the binary image header.[0m
[0;33mW (378) i2s(legacy): legacy i2s driver is deprecated, please migrate to use driver/i2s_std.h, driver/i2s_pdm.h or driver/i2s_tdm.h[0m
[0;33mW (389) ADC: legacy driver is deprecated, please migrate to `esp_adc/adc_oneshot.h`[0m
[0;32mI (397) sleep_gpio: Configure to isolate all GPIO pins in sleep state[0m
[0;32mI (403) sleep_gpio: Enable automatic switching of GPIO sleep configuration[0m
[0;32mI (410) coexist: coex firmware version: b0bcc39[0m
[0;32mI (415) main_task: Started on CPU0[0m
[0;32mI (415) main_task: Calling app_main()[0m
[0;32mI (415) speechster_h2: Speechster H2 starting[0m
[0;32mI (425) speechster_h2: I2S init done (BCK=4, WS=5, SD=10, SR=16000)[0m
[0;32mI (435) BLE_INIT: Using main XTAL as clock source[0m
[0;32mI (435) BLE_INIT: ble controller commit:[898f73c][0m
[0;33mW (445) BLE_INIT: BLE modem sleep is enabled[0m
[0;32mI (445) BLE_INIT: Bluetooth MAC: 74:4d:bd:65:9f:d4[0m
[0;32mI (455) phy: phy_version: 323,2, a8ef10c, Aug  1 2025, 17:46:10[0m
[0;32mI (465) phy: libbtbb version: 4515421, Aug  1 2025, 17:46:22[0m
[0;32mI (475) NimBLE: GAP procedure initiated: stop advertising.[0m

[0;32mI (475) NimBLE: Failed to restore IRKs from store; status=8[0m

[0;32mI (475) NimBLE: GAP procedure initiated: advertise; [0m
[0;32mI (485) NimBLE: disc_mode=2[0m
[0;32mI (485) NimBLE:  adv_channel_map=0 own_addr_type=0 adv_filter_policy=0 adv_itvl_min=0 adv_itvl_max=0[0m
[0;32mI (495) NimBLE: [0m

[0;32mI (495) speechster_h2: Advertising started (name=Speechster-H2)[0m
[0;32mI (495) speechster_h2: i2s_capture_task start[0m
[0;32mI (505) speechster_h2: fsr_task start (ADC channel 1)[0m
[0;32mI (505) speechster_h2: ble_sender_task start[0m
[0;32mI (515) speechster_h2: Main started; advertising automatically, UART logs enabled[0m
[0;32mI (515) main_task: Returned from app_main()[0m
