Command: /home/reyaansh/.espressif/python_env/idf5.5_py3.13_env/bin/python /opt/esp-idf/tools/idf_monitor.py -p /dev/ttyACM0 -b 921600 --toolchain-prefix riscv32-esp-elf- --target esp32h2 --revision 0 --decode-panic backtrace /home/reyaansh/Documents/Coding/Github/Speechster_ESP32-H2-Testing/Speechster-ESP32-H2-Tesing-B1-PR1/BT-Test/build/BT-Test.elf /home/reyaansh/Documents/Coding/Github/Speechster_ESP32-H2-Testing/Speechster-ESP32-H2-Tesing-B1-PR1/BT-Test/build/bootloader/bootloader.elf -m '/home/reyaansh/.espressif/python_env/idf5.5_py3.13_env/bin/python' '/opt/esp-idf/tools/idf.py' '-p' '/dev/ttyACM0'
[0;32mI (105) esp_image: segment 1: paddr=000262a4 vaddr=40800000 sizeESP-ROM:esp32h2-20221101[0m
Build:Nov  1 2022
rst:0x15 (USB_UART_HPSYS),boot:0x1a (SPI_FAST_FLASH_BOOT)
Saved PC:0x40809e9a
SPIWP:0xee
mode:DIO, clock div:1
load:0x408460f0,len:0x1700
load:0x4083c2d0,len:0x1080
load:0x4083efd0,len:0x34f4
entry 0x4083c2e8
[0;32mI (23) boot: ESP-IDF v5.5.1-dirty 2nd stage bootloader[0m
[0;32mI (23) boot: compile time Oct 26 2025 13:56:57[0m
[0;32mI (24) boot: chip revision: v0.1[0m
[0;32mI (25) boot: efuse block revision: v0.3[0m
[0;32mI (27) boot.esp32h2: SPI Speed      : 64MHz[0m
[0;32mI (31) boot.esp32h2: SPI Mode       : DIO[0m
[0;32mI (35) boot.esp32h2: SPI Flash Size : 2MB[0m
[0;32mI (39) boot: Enabling RNG early entropy source...[0m
[0;32mI (43) boot: Partition Table:[0m
[0;32mI (46) boot: ## Label            Usage          Type ST Offset   Length[0m
[0;32mI (52) boot:  0 nvs              WiFi data        01 02 00009000 00006000[0m
[0;32mI (58) boot:  1 phy_init         RF data          01 01 0000f000 00001000[0m
[0;32mI (65) boot:  2 factory          factory app      00 00 00010000 00100000[0m
[0;32mI (72) boot: End of partition table[0m
[0;32mI (75) esp_image: segment 0: paddr=00010020 vaddr=42090020 size=1627ch ( 90748) map[0m
[0;32mI (105) esp_image: segment 1: paddr=000262a4 vaddr=40800000 size=01d74h (  7540) load[0m
[0;32mI (109) esp_image: segment 2: paddr=00028020 vaddr=42000020 size=8cfa0h (577440) map[0m
[0;32mI (256) esp_image: segment 3: paddr=000b4fc8 vaddr=40801d74 size=166e8h ( 91880) load[0m
[0;32mI (290) boot: Loaded app from partition at offset 0x10000[0m
[0;32mI (290) boot: Disabling RNG early entropy source...[0m
[0;32mI (300) cpu_start: Unicore app[0m
[0;32mI (309) cpu_start: Pro cpu start user code[0m
[0;32mI (309) cpu_start: cpu freq: 96000000 Hz[0m
[0;32mI (310) app_init: Application information:[0m
[0;32mI (310) app_init: Project name:     BT-Test[0m
[0;32mI (313) app_init: App version:      1da8838-dirty[0m
[0;32mI (317) app_init: Compile time:     Oct 26 2025 15:39:30[0m
[0;32mI (322) app_init: ELF file SHA256:  5a5f85de0...[0m
[0;32mI (327) app_init: ESP-IDF:          v5.5.1-dirty[0m
[0;32mI (331) efuse_init: Min chip rev:     v0.0[0m
[0;32mI (335) efuse_init: Max chip rev:     v1.99 [0m
[0;32mI (339) efuse_init: Chip rev:         v0.1[0m
[0;32mI (343) heap_init: Initializing. RAM available for dynamic allocation:[0m
[0;32mI (349) heap_init: At 4081EF70 len 0002E410 (185 KiB): RAM[0m
[0;32mI (354) heap_init: At 4084D380 len 00002B60 (10 KiB): RAM[0m
[0;32mI (359) heap_init: At 50000000 len 00000FE8 (3 KiB): RTCRAM[0m
[0;32mI (366) spi_flash: detected chip: gd[0m
[0;32mI (368) spi_flash: flash io: dio[0m
[0;33mW (371) spi_flash: Detected size(4096k) larger than the size in the binary image header(2048k). Using the size in the binary image header.[0m
[0;33mW (383) ADC: legacy driver is deprecated, please migrate to `esp_adc/adc_oneshot.h`[0m
[0;32mI (391) sleep_gpio: Configure to isolate all GPIO pins in sleep state[0m
[0;32mI (397) sleep_gpio: Enable automatic switching of GPIO sleep configuration[0m
[0;32mI (403) coexist: coex firmware version: b0bcc39[0m
[0;32mI (409) main_task: Started on CPU0[0m
[0;32mI (409) main_task: Calling app_main()[0m
[0;32mI (409) HEAPTRACE: âœ… Heap trace started (max 256 records)[0m
[0;32mI (419) HEAPTRACE: Initial free heap: 185032 bytes[0m
[0;32mI (419) speechster_b1: Speechster B1 Starting Up[0m
[0;32mI (419) speechster_b1: audio_rb: 1082448688[0m
[0;32mI (429) speechster_b1: I2S initialized: BCLK=3 WS=14 DIN=10[0m
[0;32mI (449) BLE_INIT: Using main XTAL as clock source[0m
[0;32mI (449) BLE_INIT: ble controller commit:[898f73c][0m
[0;33mW (459) BLE_INIT: BLE modem sleep is enabled[0m
[0;32mI (459) BLE_INIT: Bluetooth MAC: 74:4d:bd:65:9f:d4[0m
[0;32mI (469) phy: phy_version: 323,2, a8ef10c, Aug  1 2025, 17:46:10[0m
[0;32mI (479) phy: libbtbb version: 4515421, Aug  1 2025, 17:46:22[0m
[0;32mI (489) speechster_b1: ble_att_set_preferred_mtu rc=0[0m
[0;32mI (499) speechster_b1: Advertising started (name=Speechster-B1)[0m
[0;32mI (699) speechster_b1: i2s_capture_task start[0m
[0;32mI (699) speechster_b1: fsr_task start (ADC channel 1)[0m
[0;32mI (699) speechster_b1: ble_sender_task start[0m
[0;32mI (699) speechster_b1: [Health] rb_fill=0.0% free=49152 heap=51508 frames/s=0 bytes/s=0[0m
[0;32mI (709) speechster_b1: Main started; advertising automatically, UART logs enabled[0m
[0;32mI (809) main_task: Returned from app_main()[0m
[0;32mI (5709) speechster_b1: [Health] rb_fill=0.0% free=49152 heap=54024 frames/s=0 bytes/s=0[0m
[0;32mI (5709) CPU: Idle: 95.2%   Load: 4.8%[0m
[0;33mW (10699) HEAPTRACE: [0m
Dumping current heap trace:
====== Heap Trace: 238 records (256 capacity) ======
    12 bytes (@ 0x4084dab8, Internal) allocated CPU 0 ccount 0x026da7d0 caller 0x40801570:0x408015c6
    92 bytes (@ 0x4084dacc, Internal) allocated CPU 0 ccount 0x0273f73c caller 0x40801570:0x408015c6
   112 bytes (@ 0x4084db30, Internal) allocated CPU 0 ccount 0x02740434 caller 0x40801570:0x408015c6
 49152 bytes (@ 0x40822e48, Internal) allocated CPU 0 ccount 0x02740f4c caller 0x40801570:0x408015c6
    92 bytes (@ 0x4084dc70, Internal) allocated CPU 0 ccount 0x027a0ed4 caller 0x40801570:0x408015c6
    12 bytes (@ 0x4084dcd4, Internal) allocated CPU 0 ccount 0x027a1b1c caller 0x40801570:0x408015c6
    92 bytes (@ 0x4084dce8, Internal) allocated CPU 0 ccount 0x027a28ec caller 0x40801570:0x408015c6
    92 bytes (@ 0x4084dd4c, Internal) allocated CPU 0 ccount 0x027a397c caller 0x40801570:0x408015c6
    72 bytes (@ 0x4084ddb0, Internal) allocated CPU 0 ccount 0x027a54b0 caller 0x40801570:0x408015c6
    12 bytes (@ 0x4084de30, Internal) allocated CPU 0 ccount 0x027a846c caller 0x40801570:0x408015da
   128 bytes (@ 0x4084de44, Internal) allocated CPU 0 ccount 0x027a955c caller 0x40801570:0x408015da
    12 bytes (@ 0x4084decc, Internal) allocated CPU 0 ccount 0x027aa188 caller 0x40801570:0x408015da
   128 bytes (@ 0x4084dee0, Internal) allocated CPU 0 ccount 0x027aad18 caller 0x40801570:0x408015da
    12 bytes (@ 0x4084df68, Internal) allocated CPU 0 ccount 0x027ab8c8 caller 0x40801570:0x408015da
   128 bytes (@ 0x4084df7c, Internal) allocated CPU 0 ccount 0x027ac460 caller 0x40801570:0x408015da
    12 bytes (@ 0x4084e004, Internal) allocated CPU 0 ccount 0x027ad03c caller 0x40801570:0x408015da
   128 bytes (@ 0x4084e018, Internal) allocated CPU 0 ccount 0x027adbd4 caller 0x40801570:0x408015da
     8 bytes (@ 0x4084e188, Internal) allocated CPU 0 ccount 0x027be4c0 caller 0x40801570:0x408015c6
    12 bytes (@ 0x4084e198, Internal) allocated CPU 0 ccount 0x027c3ca4 caller 0x40801570:0x408015c6
   156 bytes (@ 0x4084e1ac, Internal) allocated CPU 0 ccount 0x0281904c caller 0x40801570:0x408015c6
  4096 bytes (@ 0x4084e250, Internal) allocated CPU 0 ccount 0x02819df4 caller 0x40801570:0x408015c6
   348 bytes (@ 0x4084f258, Internal) allocated CPU 0 ccount 0x0281a8c8 caller 0x40801570:0x408015c6
    92 bytes (@ 0x4084f3bc, Internal) allocated CPU 0 ccount 0x0281da6c caller 0x40801570:0x408015c6
    40 bytes (@ 0x4084f420, Internal) allocated CPU 0 ccount 0x0281ee80 caller 0x40801570:0x408015c6
    92 bytes (@ 0x4084f450, Internal) allocated CPU 0 ccount 0x02820f48 caller 0x40801570:0x408015c6
    92 bytes (@ 0x4084f4d4, Internal) allocated CPU 0 ccount 0x02823d8c caller 0x40801570:0x408015c6
    52 bytes (@ 0x4084f5d4, Internal) allocated CPU 0 ccount 0x028296b8 caller 0x40801570:0x408015c6
    52 bytes (@ 0x4084f610, Internal) allocated CPU 0 ccount 0x0282ae0c caller 0x40801570:0x408015c6
    52 bytes (@ 0x4084f64c, Internal) allocated CPU 0 ccount 0x0282bc20 caller 0x40801570:0x408015c6
    20 bytes (@ 0x4084f4b4, Internal) allocated CPU 0 ccount 0x02830ad0 caller 0x40801570:0x408015c6
freed by 0x40801464:0x4080159a
    16 bytes (@ 0x4084f4b4, Internal) allocated CPU 0 ccount 0x02833098 caller 0x40801570:0x408015c6
   104 bytes (@ 0x4084f688, Internal) allocated CPU 0 ccount 0x02834aa8 caller 0x40801570:0x408015c6
   508 bytes (@ 0x4084f6f8, Internal) allocated CPU 0 ccount 0x02835ef0 caller 0x40801570:0x408015c6
   512 bytes (@ 0x4084f8fc, Internal) allocated CPU 0 ccount 0x0283963c caller 0x40801570:0x408015c6
freed by 0x40801464:0x4080159a
   512 bytes (@ 0x4084f8fc, Internal) allocated CPU 0 ccount 0x0285e884 caller 0x40801570:0x408015c6
   512 bytes (@ 0x4084f8fc, Internal) allocated CPU 0 ccount 0x02882f34 caller 0x40801570:0x408015c6
   512 bytes (@ 0x4084f8fc, Internal) allocated CPU 0 ccount 0x028a7208 caller 0x40801570:0x408015c6
   512 bytes (@ 0x4084f8fc, Internal) allocated CPU 0 ccount 0x028cb4e0 caller 0x40801570:0x408015c6
   512 bytes (@ 0x4084f8fc, Internal) allocated CPU 0 ccount 0x028ef7b8 caller 0x40801570:0x408015c6
   180 bytes (@ 0x4084f8fc, Internal) allocated CPU 0 ccount 0x029170b0 caller 0x40801570:0x408015c6
   888 bytes (@ 0x4084f9b8, Internal) allocated CPU 0 ccount 0x029197b8 caller 0x40801570:0x408015c6
    16 bytes (@ 0x4084f5a0, Internal) allocated CPU 0 ccount 0x0291ace4 caller 0x40801570:0x408015c6
   216 bytes (@ 0x4084fd38, Internal) allocated CPU 0 ccount 0x0291b8bc caller 0x40801570:0x408015c6
    40 bytes (@ 0x4084fe18, Internal) allocated CPU 0 ccount 0x0291cb04 caller 0x40801570:0x408015c6
    16 bytes (@ 0x4084f5b8, Internal) allocated CPU 0 ccount 0x0291d7fc caller 0x40801570:0x408015c6
   388 bytes (@ 0x4082f1c0, Internal) allocated CPU 0 ccount 0x0291f67c caller 0x40801570:0x408015c6
    68 bytes (@ 0x4084fe48, Internal) allocated CPU 0 ccount 0x0293901c caller 0x40801570:0x408015c6
    76 bytes (@ 0x4082f374, Internal) allocated CPU 0 ccount 0x0293a6cc caller 0x40801570:0x408015c6
    16 bytes (@ 0x4084fe94, Internal) allocated CPU 0 ccount 0x0293b708 caller 0x40801570:0x408015c6
    16 bytes (@ 0x4084feac, Internal) allocated CPU 0 ccount 0x0293c434 caller 0x40801570:0x408015c6
   268 bytes (@ 0x4082f404, Internal) allocated CPU 0 ccount 0x0293d3e8 caller 0x40801570:0x408015c6
   112 bytes (@ 0x4082f52c, Internal) allocated CPU 0 ccount 0x0293e838 caller 0x40801570:0x408015c6
   112 bytes (@ 0x4082f5b8, Internal) allocated CPU 0 ccount 0x0293f7e0 caller 0x40801570:0x408015c6
    64 bytes (@ 0x4082f644, Internal) allocated CPU 0 ccount 0x02940a40 caller 0x40801570:0x408015c6
     8 bytes (@ 0x4084fec4, Internal) allocated CPU 0 ccount 0x02944614 caller 0x40801570:0x408015c6
    16 bytes (@ 0x4082f72c, Internal) allocated CPU 0 ccount 0x029452c8 caller 0x40801570:0x408015c6
    44 bytes (@ 0x4082f758, Internal) allocated CPU 0 ccount 0x02946228 caller 0x40801570:0x408015c6
     8 bytes (@ 0x4084fed4, Internal) allocated CPU 0 ccount 0x029472a8 caller 0x40801570:0x408015c6
    32 bytes (@ 0x4082f7b4, Internal) allocated CPU 0 ccount 0x02947f64 caller 0x40801570:0x408015c6
    12 bytes (@ 0x4082f7f0, Internal) allocated CPU 0 ccount 0x02948e30 caller 0x40801570:0x408015c6
    36 bytes (@ 0x4082f818, Internal) allocated CPU 0 ccount 0x02949f74 caller 0x40801570:0x408015c6
    12 bytes (@ 0x4082f858, Internal) allocated CPU 0 ccount 0x0294aea4 caller 0x40801570:0x408015c6
   568 bytes (@ 0x4082f880, Internal) allocated CPU 0 ccount 0x0294bf68 caller 0x40801570:0x408015c6
    40 bytes (@ 0x4082fad4, Internal) allocated CPU 0 ccount 0x0294cfb8 caller 0x40801570:0x408015c6
    80 bytes (@ 0x4082fb18, Internal) allocated CPU 0 ccount 0x0294e514 caller 0x40801570:0x408015c6
    32 bytes (@ 0x4082fb84, Internal) allocated CPU 0 ccount 0x0294f454 caller 0x40801570:0x408015c6
     8 bytes (@ 0x408212c0, Internal) allocated CPU 0 ccount 0x02950320 caller 0x40801570:0x408015c6
   600 bytes (@ 0x4082fbd4, Internal) allocated CPU 0 ccount 0x029512ec caller 0x40801570:0x408015c6
    64 bytes (@ 0x4082ff38, Internal) allocated CPU 0 ccount 0x029566d8 caller 0x40801570:0x408015c6
    32 bytes (@ 0x4082ff94, Internal) allocated CPU 0 ccount 0x02957794 caller 0x40801570:0x408015c6
    64 bytes (@ 0x4082ffd0, Internal) allocated CPU 0 ccount 0x02958868 caller 0x40801570:0x408015c6
    48 bytes (@ 0x4083002c, Internal) allocated CPU 0 ccount 0x029597bc caller 0x40801570:0x408015c6
   100 bytes (@ 0x40830078, Internal) allocated CPU 0 ccount 0x0295a6f0 caller 0x40801570:0x408015c6
    16 bytes (@ 0x408300f8, Internal) allocated CPU 0 ccount 0x0295b774 caller 0x40801570:0x408015c6
    16 bytes (@ 0x40830124, Internal) allocated CPU 0 ccount 0x0295c690 caller 0x40801570:0x408015c6
    28 bytes (@ 0x40830150, Internal) allocated CPU 0 ccount 0x0295d920 caller 0x40801570:0x408015c6
   256 bytes (@ 0x40830188, Internal) allocated CPU 0 ccount 0x0295e884 caller 0x40801570:0x408015c6
   124 bytes (@ 0x408302e0, Internal) allocated CPU 0 ccount 0x02960a7c caller 0x40801570:0x408015c6
    40 bytes (@ 0x40830378, Internal) allocated CPU 0 ccount 0x02961c4c caller 0x40801570:0x408015c6
     8 bytes (@ 0x408303bc, Internal) allocated CPU 0 ccount 0x02962ddc caller 0x40801570:0x408015c6
    12 bytes (@ 0x408303e0, Internal) allocated CPU 0 ccount 0x02963ec0 caller 0x40801570:0x408015c6
    16 bytes (@ 0x40830408, Internal) allocated CPU 0 ccount 0x02964e94 caller 0x40801570:0x408015c6
    28 bytes (@ 0x40830434, Internal) allocated CPU 0 ccount 0x02965d9c caller 0x40801570:0x408015c6
   260 bytes (@ 0x4083046c, Internal) allocated CPU 0 ccount 0x02966cd4 caller 0x40801570:0x408015c6
    28 bytes (@ 0x4083058c, Internal) allocated CPU 0 ccount 0x02967ca4 caller 0x40801570:0x408015c6
   100 bytes (@ 0x408305c4, Internal) allocated CPU 0 ccount 0x02968b70 caller 0x40801570:0x408015c6
    40 bytes (@ 0x40830644, Internal) allocated CPU 0 ccount 0x02969b68 caller 0x40801570:0x408015c6
     8 bytes (@ 0x40830688, Internal) allocated CPU 0 ccount 0x0296aba4 caller 0x40801570:0x408015c6
   400 bytes (@ 0x408306ac, Internal) allocated CPU 0 ccount 0x0296bad8 caller 0x40801570:0x408015c6
   200 bytes (@ 0x40830858, Internal) allocated CPU 0 ccount 0x0296cef0 caller 0x40801570:0x408015c6
    80 bytes (@ 0x4083093c, Internal) allocated CPU 0 ccount 0x0296deec caller 0x40801570:0x408015c6
    24 bytes (@ 0x408309e4, Internal) allocated CPU 0 ccount 0x0296ffbc caller 0x40801570:0x408015c6
    24 bytes (@ 0x40830a90, Internal) allocated CPU 0 ccount 0x0297308c caller 0x40801570:0x408015c6
    32 bytes (@ 0x40830ac4, Internal) allocated CPU 0 ccount 0x02974238 caller 0x40801570:0x408015c6
     8 bytes (@ 0x40830b00, Internal) allocated CPU 0 ccount 0x029751c0 caller 0x40801570:0x408015c6
    40 bytes (@ 0x40830b24, Internal) allocated CPU 0 ccount 0x02976438 caller 0x40801570:0x408015c6
    20 bytes (@ 0x40830b68, Internal) allocated CPU 0 ccount 0x029773cc caller 0x40801570:0x408015c6
    32 bytes (@ 0x40830b98, Internal) allocated CPU 0 ccount 0x02978590 caller 0x40801570:0x408015c6
   136 bytes (@ 0x40830bd4, Internal) allocated CPU 0 ccount 0x029798d8 caller 0x40801570:0x408015c6
    68 bytes (@ 0x40830c78, Internal) allocated CPU 0 ccount 0x0297a8e8 caller 0x40801570:0x408015c6
   120 bytes (@ 0x40830cd8, Internal) allocated CPU 0 ccount 0x0297b8a4 caller 0x40801570:0x408015c6
    40 bytes (@ 0x40830d6c, Internal) allocated CPU 0 ccount 0x0297cc04 caller 0x40801570:0x408015c6
    72 bytes (@ 0x40830db0, Internal) allocated CPU 0 ccount 0x0297de4c caller 0x40801570:0x408015c6
    40 bytes (@ 0x40830e14, Internal) allocated CPU 0 ccount 0x0297ed10 caller 0x40801570:0x408015c6
     8 bytes (@ 0x40830e58, Internal) allocated CPU 0 ccount 0x0297fc70 caller 0x40801570:0x408015c6
     4 bytes (@ 0x40830e7c, Internal) allocated CPU 0 ccount 0x02980b14 caller 0x40801570:0x408015c6
    16 bytes (@ 0x40830ea0, Internal) allocated CPU 0 ccount 0x02981d98 caller 0x40801570:0x408015c6
   100 bytes (@ 0x40830ecc, Internal) allocated CPU 0 ccount 0x02982cc0 caller 0x40801570:0x408015c6
    16 bytes (@ 0x40830f4c, Internal) allocated CPU 0 ccount 0x02983e80 caller 0x40801570:0x408015c6
    28 bytes (@ 0x40830f78, Internal) allocated CPU 0 ccount 0x02984dac caller 0x40801570:0x408015c6
    24 bytes (@ 0x40830fb0, Internal) allocated CPU 0 ccount 0x02985ee8 caller 0x40801570:0x408015c6
    76 bytes (@ 0x40830fe4, Internal) allocated CPU 0 ccount 0x02987100 caller 0x40801570:0x408015c6
    20 bytes (@ 0x4083104c, Internal) allocated CPU 0 ccount 0x02988110 caller 0x40801570:0x408015c6
   280 bytes (@ 0x4083107c, Internal) allocated CPU 0 ccount 0x02988ff0 caller 0x40801570:0x408015c6
    24 bytes (@ 0x408311b0, Internal) allocated CPU 0 ccount 0x0298a3e4 caller 0x40801570:0x408015c6
   100 bytes (@ 0x408311e4, Internal) allocated CPU 0 ccount 0x0298b2f4 caller 0x40801570:0x408015c6
    20 bytes (@ 0x40831264, Internal) allocated CPU 0 ccount 0x0298c5bc caller 0x40801570:0x408015c6
    36 bytes (@ 0x40831294, Internal) allocated CPU 0 ccount 0x0298d614 caller 0x40801570:0x408015c6
    36 bytes (@ 0x408312d4, Internal) allocated CPU 0 ccount 0x0298e778 caller 0x40801570:0x408015c6
    36 bytes (@ 0x40831314, Internal) allocated CPU 0 ccount 0x0298f688 caller 0x40801570:0x408015c6
    36 bytes (@ 0x40831354, Internal) allocated CPU 0 ccount 0x02990598 caller 0x40801570:0x408015c6
    36 bytes (@ 0x40831394, Internal) allocated CPU 0 ccount 0x029914a8 caller 0x40801570:0x408015c6
    36 bytes (@ 0x408313d4, Internal) allocated CPU 0 ccount 0x029923b0 caller 0x40801570:0x408015c6
    36 bytes (@ 0x40831414, Internal) allocated CPU 0 ccount 0x029932b8 caller 0x40801570:0x408015c6
    36 bytes (@ 0x40831454, Internal) allocated CPU 0 ccount 0x029941c0 caller 0x40801570:0x408015c6
    36 bytes (@ 0x40831494, Internal) allocated CPU 0 ccount 0x029950c8 caller 0x40801570:0x408015c6
    28 bytes (@ 0x408314d4, Internal) allocated CPU 0 ccount 0x02996264 caller 0x40801570:0x408015c6
    76 bytes (@ 0x4083150c, Internal) allocated CPU 0 ccount 0x029973d4 caller 0x40801570:0x408015c6
    76 bytes (@ 0x40831574, Internal) allocated CPU 0 ccount 0x02998508 caller 0x40801570:0x408015c6
    76 bytes (@ 0x408315dc, Internal) allocated CPU 0 ccount 0x02999ccc caller 0x40801570:0x408015c6
    76 bytes (@ 0x40831644, Internal) allocated CPU 0 ccount 0x0299ad94 caller 0x40801570:0x408015c6
    76 bytes (@ 0x408316ac, Internal) allocated CPU 0 ccount 0x0299c22c caller 0x40801570:0x408015c6
    28 bytes (@ 0x40831714, Internal) allocated CPU 0 ccount 0x0299d600 caller 0x40801570:0x408015c6
   124 bytes (@ 0x4083174c, Internal) allocated CPU 0 ccount 0x0299e84c caller 0x40801570:0x408015c6
   124 bytes (@ 0x408317e4, Internal) allocated CPU 0 ccount 0x0299f84c caller 0x40801570:0x408015c6
   124 bytes (@ 0x4083187c, Internal) allocated CPU 0 ccount 0x029a097c caller 0x40801570:0x408015c6
   124 bytes (@ 0x40831914, Internal) allocated CPU 0 ccount 0x029a1ab4 caller 0x40801570:0x408015c6
   124 bytes (@ 0x408319ac, Internal) allocated CPU 0 ccount 0x029a2be4 caller 0x40801570:0x408015c6
    28 bytes (@ 0x40831a44, Internal) allocated CPU 0 ccount 0x029a40e4 caller 0x40801570:0x408015c6
    20 bytes (@ 0x40831a7c, Internal) allocated CPU 0 ccount 0x029a52a4 caller 0x40801570:0x408015c6
    20 bytes (@ 0x40831aac, Internal) allocated CPU 0 ccount 0x029a6288 caller 0x40801570:0x408015c6
    20 bytes (@ 0x40831adc, Internal) allocated CPU 0 ccount 0x029a732c caller 0x40801570:0x408015c6
    20 bytes (@ 0x40831b0c, Internal) allocated CPU 0 ccount 0x029a83d4 caller 0x40801570:0x408015c6
    20 bytes (@ 0x40831b3c, Internal) allocated CPU 0 ccount 0x029a947c caller 0x40801570:0x408015c6
    20 bytes (@ 0x40831b6c, Internal) allocated CPU 0 ccount 0x029aa524 caller 0x40801570:0x408015c6
    20 bytes (@ 0x40831b9c, Internal) allocated CPU 0 ccount 0x029ab9a0 caller 0x40801570:0x408015c6
    20 bytes (@ 0x40831bcc, Internal) allocated CPU 0 ccount 0x029aca44 caller 0x40801570:0x408015c6
    20 bytes (@ 0x40831bfc, Internal) allocated CPU 0 ccount 0x029adaec caller 0x40801570:0x408015c6
    20 bytes (@ 0x40831c2c, Internal) allocated CPU 0 ccount 0x029aeb94 caller 0x40801570:0x408015c6
    28 bytes (@ 0x40831c5c, Internal) allocated CPU 0 ccount 0x029affc8 caller 0x40801570:0x408015c6
   280 bytes (@ 0x40831c94, Internal) allocated CPU 0 ccount 0x029b1144 caller 0x40801570:0x408015c6
   280 bytes (@ 0x40831dc8, Internal) allocated CPU 0 ccount 0x029b22c0 caller 0x40801570:0x408015c6
   280 bytes (@ 0x40831efc, Internal) allocated CPU 0 ccount 0x029b34b8 caller 0x40801570:0x408015c6
   280 bytes (@ 0x40832030, Internal) allocated CPU 0 ccount 0x029b462c caller 0x40801570:0x408015c6
   280 bytes (@ 0x40832164, Internal) allocated CPU 0 ccount 0x029b5788 caller 0x40801570:0x408015c6
    20 bytes (@ 0x40832298, Internal) allocated CPU 0 ccount 0x029b6cb0 caller 0x40801570:0x408015c6
     8 bytes (@ 0x408322c8, Internal) allocated CPU 0 ccount 0x029b7b98 caller 0x40801570:0x408015c6
    40 bytes (@ 0x408322ec, Internal) allocated CPU 0 ccount 0x029b8be4 caller 0x40801570:0x408015c6
   512 bytes (@ 0x40832330, Internal) allocated CPU 0 ccount 0x029b9b04 caller 0x40801570:0x408015c6
    28 bytes (@ 0x4083254c, Internal) allocated CPU 0 ccount 0x029baab4 caller 0x40801570:0x408015c6
    12 bytes (@ 0x40832584, Internal) allocated CPU 0 ccount 0x029bbda8 caller 0x40801570:0x408015c6
    44 bytes (@ 0x408325ac, Internal) allocated CPU 0 ccount 0x029bcc44 caller 0x40801570:0x408015c6
    12 bytes (@ 0x408325f4, Internal) allocated CPU 0 ccount 0x029bdb6c caller 0x40801570:0x408015c6
    44 bytes (@ 0x4083261c, Internal) allocated CPU 0 ccount 0x029bea08 caller 0x40801570:0x408015c6
    12 bytes (@ 0x40832664, Internal) allocated CPU 0 ccount 0x029bf944 caller 0x40801570:0x408015c6
    28 bytes (@ 0x4083268c, Internal) allocated CPU 0 ccount 0x029c0cdc caller 0x40801570:0x408015c6
    56 bytes (@ 0x408326c4, Internal) allocated CPU 0 ccount 0x029c1e9c caller 0x40801570:0x408015c6
    28 bytes (@ 0x40832718, Internal) allocated CPU 0 ccount 0x029c2dfc caller 0x40801570:0x408015c6
  2160 bytes (@ 0x40832750, Internal) allocated CPU 0 ccount 0x029c3e2c caller 0x40801570:0x408015c6
   576 bytes (@ 0x40832fdc, Internal) allocated CPU 0 ccount 0x029c5130 caller 0x40801570:0x408015c6
   260 bytes (@ 0x40833238, Internal) allocated CPU 0 ccount 0x029c61ac caller 0x40801570:0x408015c6
    28 bytes (@ 0x40833358, Internal) allocated CPU 0 ccount 0x029c7128 caller 0x40801570:0x408015c6
    28 bytes (@ 0x40833390, Internal) allocated CPU 0 ccount 0x029c8074 caller 0x40801570:0x408015c6
   388 bytes (@ 0x408333c8, Internal) allocated CPU 0 ccount 0x029cd6f8 caller 0x40801570:0x408015c6
     8 bytes (@ 0x40833568, Internal) allocated CPU 0 ccount 0x02a0d388 caller 0x40801570:0x408015c6
     4 bytes (@ 0x4083358c, Internal) allocated CPU 0 ccount 0x02a0e8d0 caller 0x40801570:0x408015c6
    12 bytes (@ 0x408335b0, Internal) allocated CPU 0 ccount 0x02a0f804 caller 0x40801570:0x408015c6
     8 bytes (@ 0x408335d8, Internal) allocated CPU 0 ccount 0x02a10c3c caller 0x40801570:0x408015c6
    12 bytes (@ 0x408335fc, Internal) allocated CPU 0 ccount 0x02a11ad4 caller 0x40801570:0x408015c6
     4 bytes (@ 0x40833624, Internal) allocated CPU 0 ccount 0x02a12d48 caller 0x40801570:0x408015c6
    12 bytes (@ 0x40833648, Internal) allocated CPU 0 ccount 0x02a13c34 caller 0x40801570:0x408015c6
     4 bytes (@ 0x40833670, Internal) allocated CPU 0 ccount 0x02a14d9c caller 0x40801570:0x408015c6
    12 bytes (@ 0x40833694, Internal) allocated CPU 0 ccount 0x02a15c8c caller 0x40801570:0x408015c6
     4 bytes (@ 0x408336bc, Internal) allocated CPU 0 ccount 0x02a16cc4 caller 0x40801570:0x408015c6
    12 bytes (@ 0x408336e0, Internal) allocated CPU 0 ccount 0x02a17b58 caller 0x40801570:0x408015c6
    92 bytes (@ 0x40833708, Internal) allocated CPU 0 ccount 0x02a3a848 caller 0x40801570:0x408015c6
    92 bytes (@ 0x408337bc, Internal) allocated CPU 0 ccount 0x02b0cd78 caller 0x40801570:0x408015c6
     8 bytes (@ 0x40833834, Internal) allocated CPU 0 ccount 0x02ca9140 caller 0x40801570:0x408015c6
    12 bytes (@ 0x40833858, Internal) allocated CPU 0 ccount 0x02caf47c caller 0x40801570:0x408015c6
  4096 bytes (@ 0x40833880, Internal) allocated CPU 0 ccount 0x02cb1be4 caller 0x40801570:0x408015c6
   348 bytes (@ 0x4083489c, Internal) allocated CPU 0 ccount 0x02cb28ac caller 0x40801570:0x408015c6
     8 bytes (@ 0x40834a14, Internal) allocated CPU 0 ccount 0x02cb4c00 caller 0x40801570:0x408015c6
    12 bytes (@ 0x40834aa0, Internal) allocated CPU 0 ccount 0x02cb8f10 caller 0x40801570:0x408015c6
    92 bytes (@ 0x40834ac8, Internal) allocated CPU 0 ccount 0x02cc8e2c caller 0x40801570:0x408015c6
    92 bytes (@ 0x40834b2c, Internal) allocated CPU 0 ccount 0x02cca124 caller 0x40801570:0x408015c6
    92 bytes (@ 0x40834b90, Internal) allocated CPU 0 ccount 0x02cccf6c caller 0x40801570:0x408015c6
    92 bytes (@ 0x40834c30, Internal) allocated CPU 0 ccount 0x02cd0fc0 caller 0x40801570:0x408015c6
  4096 bytes (@ 0x40834ca8, Internal) allocated CPU 0 ccount 0x02cd2a5c caller 0x40801570:0x408015c6
   348 bytes (@ 0x40835cc4, Internal) allocated CPU 0 ccount 0x02cd3728 caller 0x40801570:0x408015c6
     4 bytes (@ 0x40835ee0, Internal) allocated CPU 0 ccount 0x02d61d80 caller 0x408014a2:0x408015ac
freed by 0x40801464:0x4080159a
   120 bytes (@ 0x40835f04, Internal) allocated CPU 0 ccount 0x02d63ce4 caller 0x40801570:0x408015c6
     8 bytes (@ 0x40835f98, Internal) allocated CPU 0 ccount 0x02d6566c caller 0x40801570:0x408015c6
     8 bytes (@ 0x40835fbc, Internal) allocated CPU 0 ccount 0x02d663ac caller 0x40801570:0x408015c6
    44 bytes (@ 0x40835fe0, Internal) allocated CPU 0 ccount 0x02da4634 caller 0x40801570:0x408015c6
    24 bytes (@ 0x40836014, Internal) allocated CPU 0 ccount 0x02da7028 caller 0x40801570:0x408015c6
    20 bytes (@ 0x40836048, Internal) allocated CPU 0 ccount 0x02da7f60 caller 0x40801570:0x408015c6
    20 bytes (@ 0x40836078, Internal) allocated CPU 0 ccount 0x02da9624 caller 0x40801570:0x408015c6
    76 bytes (@ 0x408360a8, Internal) allocated CPU 0 ccount 0x02dae414 caller 0x40801570:0x408015c6
    76 bytes (@ 0x40836110, Internal) allocated CPU 0 ccount 0x02daf4c4 caller 0x40801570:0x408015c6
    20 bytes (@ 0x408361b4, Internal) allocated CPU 0 ccount 0x02dd7d5c caller 0x40801570:0x408015c6
   292 bytes (@ 0x408361e4, Internal) allocated CPU 0 ccount 0x02dd9450 caller 0x40801570:0x408015c6
    20 bytes (@ 0x40836324, Internal) allocated CPU 0 ccount 0x02ddaadc caller 0x40801570:0x408015c6
   292 bytes (@ 0x40836354, Internal) allocated CPU 0 ccount 0x02ddba4c caller 0x40801570:0x408015c6
    20 bytes (@ 0x40836494, Internal) allocated CPU 0 ccount 0x02ddca5c caller 0x40801570:0x408015c6
   292 bytes (@ 0x408364c4, Internal) allocated CPU 0 ccount 0x02ddd9cc caller 0x40801570:0x408015c6
  8192 bytes (@ 0x40836604, Internal) allocated CPU 0 ccount 0x02f3f980 caller 0x40801570:0x408015c6
   348 bytes (@ 0x40838620, Internal) allocated CPU 0 ccount 0x02f40650 caller 0x40801570:0x408015c6
    16 bytes (@ 0x40836178, Internal) allocated CPU 0 ccount 0x02f53a8c caller 0x40801570:0x408015c6
   960 bytes (@ 0x40838800, Internal) allocated CPU 0 ccount 0x02f64d88 caller 0x40801570:0x408015c6
   168 bytes (@ 0x40838bdc, Internal) allocated CPU 0 ccount 0x02f65a4c caller 0x40801570:0x408015c6
  4096 bytes (@ 0x40838ca0, Internal) allocated CPU 0 ccount 0x02f679a4 caller 0x40801570:0x408015c6
   348 bytes (@ 0x40839cbc, Internal) allocated CPU 0 ccount 0x02f6867c caller 0x40801570:0x408015c6
 20480 bytes (@ 0x40839e34, Internal) allocated CPU 0 ccount 0x02f72950 caller 0x40801570:0x408015c6
   348 bytes (@ 0x4083ee50, Internal) allocated CPU 0 ccount 0x02f7362c caller 0x40801570:0x408015c6
    16 bytes (@ 0x4083efc8, Internal) allocated CPU 0 ccount 0x02f8a388 caller 0x40801570:0x408015c6
  4096 bytes (@ 0x4083f05c, Internal) allocated CPU 0 ccount 0x02f8c408 caller 0x40801570:0x408015c6
   348 bytes (@ 0x40840078, Internal) allocated CPU 0 ccount 0x02f8d0ec caller 0x40801570:0x408015c6
  4096 bytes (@ 0x408401f0, Internal) allocated CPU 0 ccount 0x02f8f2dc caller 0x40801570:0x408015c6
   348 bytes (@ 0x4084120c, Internal) allocated CPU 0 ccount 0x02f90394 caller 0x40801570:0x408015c6
    16 bytes (@ 0x40841384, Internal) allocated CPU 0 ccount 0x02f95b24 caller 0x40801570:0x408015c6
  6144 bytes (@ 0x40841418, Internal) allocated CPU 0 ccount 0x03029de8 caller 0x40801570:0x408015c6
   348 bytes (@ 0x40842c34, Internal) allocated CPU 0 ccount 0x0302aac4 caller 0x40801570:0x408015c6
   396 bytes (@ 0x4082ee50, Internal) allocated CPU 0 ccount 0x04ca9068 caller 0x40801570:0x408015c6
freed by 0x40801464:0x4080159a
    80 bytes (@ 0x40822cac, Internal) allocated CPU 0 ccount 0x04cf8360 caller 0x40801570:0x408015c6
    16 bytes (@ 0x4083379c, Internal) allocated CPU 0 ccount 0x04d0b4f4 caller 0x40801570:0x408015c6
   132 bytes (@ 0x40822d78, Internal) allocated CPU 0 ccount 0x04d0cfb0 caller 0x40801570:0x408015c6
    28 bytes (@ 0x4082f78c, Internal) allocated CPU 0 ccount 0x04d0ddf8 caller 0x40801570:0x408015c6
    24 bytes (@ 0x4082f704, Internal) allocated CPU 0 ccount 0x04d105ec caller 0x40801570:0x408015c6
====== Heap Trace Summary ======
Mode: Heap Trace All
134752 bytes alive in trace (234/238 allocations)
records: 238 (256 capacity, 238 high water mark)
total allocations: 238
total frees: 172
================================
[0;32mI (12829) speechster_b1: [Health] rb_fill=0.0% free=49152 heap=53476 frames/s=0 bytes/s=0[0m
[0;32mI (12839) CPU: Idle: 79.2%   Load: 20.8%[0m
[0;32mI (17839) speechster_b1: [Health] rb_fill=0.0% free=49152 heap=53476 frames/s=0 bytes/s=0[0m
[0;32mI (17839) CPU: Idle: 84.1%   Load: 15.9%[0m
[0;33mW (22839) HEAPTRACE: [0m
Dumping current heap trace:
====== Heap Trace: 240 records (256 capacity) ======
    12 bytes (@ 0x4084dab8, Internal) allocated CPU 0 ccount 0x026da7d0 caller 0x40801570:0x408015c6
    92 bytes (@ 0x4084dacc, Internal) allocated CPU 0 ccount 0x0273f73c caller 0x40801570:0x408015c6
   112 bytes (@ 0x4084db30, Internal) allocated CPU 0 ccount 0x02740434 caller 0x40801570:0x408015c6
 49152 bytes (@ 0x40822e48, Internal) allocated CPU 0 ccount 0x02740f4c caller 0x40801570:0x408015c6
    92 bytes (@ 0x4084dc70, Internal) allocated CPU 0 ccount 0x027a0ed4 caller 0x40801570:0x408015c6
    12 bytes (@ 0x4084dcd4, Internal) allocated CPU 0 ccount 0x027a1b1c caller 0x40801570:0x408015c6
    92 bytes (@ 0x4084dce8, Internal) allocated CPU 0 ccount 0x027a28ec caller 0x40801570:0x408015c6
    92 bytes (@ 0x4084dd4c, Internal) allocated CPU 0 ccount 0x027a397c caller 0x40801570:0x408015c6
    72 bytes (@ 0x4084ddb0, Internal) allocated CPU 0 ccount 0x027a54b0 caller 0x40801570:0x408015c6
    12 bytes (@ 0x4084de30, Internal) allocated CPU 0 ccount 0x027a846c caller 0x40801570:0x408015da
   128 bytes (@ 0x4084de44, Internal) allocated CPU 0 ccount 0x027a955c caller 0x40801570:0x408015da
    12 bytes (@ 0x4084decc, Internal) allocated CPU 0 ccount 0x027aa188 caller 0x40801570:0x408015da
   128 bytes (@ 0x4084dee0, Internal) allocated CPU 0 ccount 0x027aad18 caller 0x40801570:0x408015da
    12 bytes (@ 0x4084df68, Internal) allocated CPU 0 ccount 0x027ab8c8 caller 0x40801570:0x408015da
   128 bytes (@ 0x4084df7c, Internal) allocated CPU 0 ccount 0x027ac460 caller 0x40801570:0x408015da
    12 bytes (@ 0x4084e004, Internal) allocated CPU 0 ccount 0x027ad03c caller 0x40801570:0x408015da
   128 bytes (@ 0x4084e018, Internal) allocated CPU 0 ccount 0x027adbd4 caller 0x40801570:0x408015da
     8 bytes (@ 0x4084e188, Internal) allocated CPU 0 ccount 0x027be4c0 caller 0x40801570:0x408015c6
    12 bytes (@ 0x4084e198, Internal) allocated CPU 0 ccount 0x027c3ca4 caller 0x40801570:0x408015c6
   156 bytes (@ 0x4084e1ac, Internal) allocated CPU 0 ccount 0x0281904c caller 0x40801570:0x408015c6
  4096 bytes (@ 0x4084e250, Internal) allocated CPU 0 ccount 0x02819df4 caller 0x40801570:0x408015c6
   348 bytes (@ 0x4084f258, Internal) allocated CPU 0 ccount 0x0281a8c8 caller 0x40801570:0x408015c6
    92 bytes (@ 0x4084f3bc, Internal) allocated CPU 0 ccount 0x0281da6c caller 0x40801570:0x408015c6
    40 bytes (@ 0x4084f420, Internal) allocated CPU 0 ccount 0x0281ee80 caller 0x40801570:0x408015c6
    92 bytes (@ 0x4084f450, Internal) allocated CPU 0 ccount 0x02820f48 caller 0x40801570:0x408015c6
    92 bytes (@ 0x4084f4d4, Internal) allocated CPU 0 ccount 0x02823d8c caller 0x40801570:0x408015c6
    52 bytes (@ 0x4084f5d4, Internal) allocated CPU 0 ccount 0x028296b8 caller 0x40801570:0x408015c6
    52 bytes (@ 0x4084f610, Internal) allocated CPU 0 ccount 0x0282ae0c caller 0x40801570:0x408015c6
    52 bytes (@ 0x4084f64c, Internal) allocated CPU 0 ccount 0x0282bc20 caller 0x40801570:0x408015c6
    20 bytes (@ 0x4084f4b4, Internal) allocated CPU 0 ccount 0x02830ad0 caller 0x40801570:0x408015c6
freed by 0x40801464:0x4080159a
    16 bytes (@ 0x4084f4b4, Internal) allocated CPU 0 ccount 0x02833098 caller 0x40801570:0x408015c6
   104 bytes (@ 0x4084f688, Internal) allocated CPU 0 ccount 0x02834aa8 caller 0x40801570:0x408015c6
   508 bytes (@ 0x4084f6f8, Internal) allocated CPU 0 ccount 0x02835ef0 caller 0x40801570:0x408015c6
   512 bytes (@ 0x4084f8fc, Internal) allocated CPU 0 ccount 0x0283963c caller 0x40801570:0x408015c6
freed by 0x40801464:0x4080159a
   512 bytes (@ 0x4084f8fc, Internal) allocated CPU 0 ccount 0x0285e884 caller 0x40801570:0x408015c6
   512 bytes (@ 0x4084f8fc, Internal) allocated CPU 0 ccount 0x02882f34 caller 0x40801570:0x408015c6
   512 bytes (@ 0x4084f8fc, Internal) allocated CPU 0 ccount 0x028a7208 caller 0x40801570:0x408015c6
   512 bytes (@ 0x4084f8fc, Internal) allocated CPU 0 ccount 0x028cb4e0 caller 0x40801570:0x408015c6
   512 bytes (@ 0x4084f8fc, Internal) allocated CPU 0 ccount 0x028ef7b8 caller 0x40801570:0x408015c6
   180 bytes (@ 0x4084f8fc, Internal) allocated CPU 0 ccount 0x029170b0 caller 0x40801570:0x408015c6
   888 bytes (@ 0x4084f9b8, Internal) allocated CPU 0 ccount 0x029197b8 caller 0x40801570:0x408015c6
    16 bytes (@ 0x4084f5a0, Internal) allocated CPU 0 ccount 0x0291ace4 caller 0x40801570:0x408015c6
   216 bytes (@ 0x4084fd38, Internal) allocated CPU 0 ccount 0x0291b8bc caller 0x40801570:0x408015c6
    40 bytes (@ 0x4084fe18, Internal) allocated CPU 0 ccount 0x0291cb04 caller 0x40801570:0x408015c6
    16 bytes (@ 0x4084f5b8, Internal) allocated CPU 0 ccount 0x0291d7fc caller 0x40801570:0x408015c6
   388 bytes (@ 0x4082f1c0, Internal) allocated CPU 0 ccount 0x0291f67c caller 0x40801570:0x408015c6
    68 bytes (@ 0x4084fe48, Internal) allocated CPU 0 ccount 0x0293901c caller 0x40801570:0x408015c6
    76 bytes (@ 0x4082f374, Internal) allocated CPU 0 ccount 0x0293a6cc caller 0x40801570:0x408015c6
    16 bytes (@ 0x4084fe94, Internal) allocated CPU 0 ccount 0x0293b708 caller 0x40801570:0x408015c6
    16 bytes (@ 0x4084feac, Internal) allocated CPU 0 ccount 0x0293c434 caller 0x40801570:0x408015c6
   268 bytes (@ 0x4082f404, Internal) allocated CPU 0 ccount 0x0293d3e8 caller 0x40801570:0x408015c6
   112 bytes (@ 0x4082f52c, Internal) allocated CPU 0 ccount 0x0293e838 caller 0x40801570:0x408015c6
   112 bytes (@ 0x4082f5b8, Internal) allocated CPU 0 ccount 0x0293f7e0 caller 0x40801570:0x408015c6
    64 bytes (@ 0x4082f644, Internal) allocated CPU 0 ccount 0x02940a40 caller 0x40801570:0x408015c6
     8 bytes (@ 0x4084fec4, Internal) allocated CPU 0 ccount 0x02944614 caller 0x40801570:0x408015c6
    16 bytes (@ 0x4082f72c, Internal) allocated CPU 0 ccount 0x029452c8 caller 0x40801570:0x408015c6
    44 bytes (@ 0x4082f758, Internal) allocated CPU 0 ccount 0x02946228 caller 0x40801570:0x408015c6
     8 bytes (@ 0x4084fed4, Internal) allocated CPU 0 ccount 0x029472a8 caller 0x40801570:0x408015c6
    32 bytes (@ 0x4082f7b4, Internal) allocated CPU 0 ccount 0x02947f64 caller 0x40801570:0x408015c6
    12 bytes (@ 0x4082f7f0, Internal) allocated CPU 0 ccount 0x02948e30 caller 0x40801570:0x408015c6
    36 bytes (@ 0x4082f818, Internal) allocated CPU 0 ccount 0x02949f74 caller 0x40801570:0x408015c6
    12 bytes (@ 0x4082f858, Internal) allocated CPU 0 ccount 0x0294aea4 caller 0x40801570:0x408015c6
   568 bytes (@ 0x4082f880, Internal) allocated CPU 0 ccount 0x0294bf68 caller 0x40801570:0x408015c6
    40 bytes (@ 0x4082fad4, Internal) allocated CPU 0 ccount 0x0294cfb8 caller 0x40801570:0x408015c6
    80 bytes (@ 0x4082fb18, Internal) allocated CPU 0 ccount 0x0294e514 caller 0x40801570:0x408015c6
    32 bytes (@ 0x4082fb84, Internal) allocated CPU 0 ccount 0x0294f454 caller 0x40801570:0x408015c6
     8 bytes (@ 0x408212c0, Internal) allocated CPU 0 ccount 0x02950320 caller 0x40801570:0x408015c6
   600 bytes (@ 0x4082fbd4, Internal) allocated CPU 0 ccount 0x029512ec caller 0x40801570:0x408015c6
    64 bytes (@ 0x4082ff38, Internal) allocated CPU 0 ccount 0x029566d8 caller 0x40801570:0x408015c6
    32 bytes (@ 0x4082ff94, Internal) allocated CPU 0 ccount 0x02957794 caller 0x40801570:0x408015c6
    64 bytes (@ 0x4082ffd0, Internal) allocated CPU 0 ccount 0x02958868 caller 0x40801570:0x408015c6
    48 bytes (@ 0x4083002c, Internal) allocated CPU 0 ccount 0x029597bc caller 0x40801570:0x408015c6
   100 bytes (@ 0x40830078, Internal) allocated CPU 0 ccount 0x0295a6f0 caller 0x40801570:0x408015c6
    16 bytes (@ 0x408300f8, Internal) allocated CPU 0 ccount 0x0295b774 caller 0x40801570:0x408015c6
    16 bytes (@ 0x40830124, Internal) allocated CPU 0 ccount 0x0295c690 caller 0x40801570:0x408015c6
    28 bytes (@ 0x40830150, Internal) allocated CPU 0 ccount 0x0295d920 caller 0x40801570:0x408015c6
   256 bytes (@ 0x40830188, Internal) allocated CPU 0 ccount 0x0295e884 caller 0x40801570:0x408015c6
   124 bytes (@ 0x408302e0, Internal) allocated CPU 0 ccount 0x02960a7c caller 0x40801570:0x408015c6
    40 bytes (@ 0x40830378, Internal) allocated CPU 0 ccount 0x02961c4c caller 0x40801570:0x408015c6
     8 bytes (@ 0x408303bc, Internal) allocated CPU 0 ccount 0x02962ddc caller 0x40801570:0x408015c6
    12 bytes (@ 0x408303e0, Internal) allocated CPU 0 ccount 0x02963ec0 caller 0x40801570:0x408015c6
    16 bytes (@ 0x40830408, Internal) allocated CPU 0 ccount 0x02964e94 caller 0x40801570:0x408015c6
    28 bytes (@ 0x40830434, Internal) allocated CPU 0 ccount 0x02965d9c caller 0x40801570:0x408015c6
   260 bytes (@ 0x4083046c, Internal) allocated CPU 0 ccount 0x02966cd4 caller 0x40801570:0x408015c6
    28 bytes (@ 0x4083058c, Internal) allocated CPU 0 ccount 0x02967ca4 caller 0x40801570:0x408015c6
   100 bytes (@ 0x408305c4, Internal) allocated CPU 0 ccount 0x02968b70 caller 0x40801570:0x408015c6
    40 bytes (@ 0x40830644, Internal) allocated CPU 0 ccount 0x02969b68 caller 0x40801570:0x408015c6
     8 bytes (@ 0x40830688, Internal) allocated CPU 0 ccount 0x0296aba4 caller 0x40801570:0x408015c6
   400 bytes (@ 0x408306ac, Internal) allocated CPU 0 ccount 0x0296bad8 caller 0x40801570:0x408015c6
   200 bytes (@ 0x40830858, Internal) allocated CPU 0 ccount 0x0296cef0 caller 0x40801570:0x408015c6
    80 bytes (@ 0x4083093c, Internal) allocated CPU 0 ccount 0x0296deec caller 0x40801570:0x408015c6
    24 bytes (@ 0x408309e4, Internal) allocated CPU 0 ccount 0x0296ffbc caller 0x40801570:0x408015c6
    24 bytes (@ 0x40830a90, Internal) allocated CPU 0 ccount 0x0297308c caller 0x40801570:0x408015c6
    32 bytes (@ 0x40830ac4, Internal) allocated CPU 0 ccount 0x02974238 caller 0x40801570:0x408015c6
     8 bytes (@ 0x40830b00, Internal) allocated CPU 0 ccount 0x029751c0 caller 0x40801570:0x408015c6
    40 bytes (@ 0x40830b24, Internal) allocated CPU 0 ccount 0x02976438 caller 0x40801570:0x408015c6
    20 bytes (@ 0x40830b68, Internal) allocated CPU 0 ccount 0x029773cc caller 0x40801570:0x408015c6
    32 bytes (@ 0x40830b98, Internal) allocated CPU 0 ccount 0x02978590 caller 0x40801570:0x408015c6
   136 bytes (@ 0x40830bd4, Internal) allocated CPU 0 ccount 0x029798d8 caller 0x40801570:0x408015c6
    68 bytes (@ 0x40830c78, Internal) allocated CPU 0 ccount 0x0297a8e8 caller 0x40801570:0x408015c6
   120 bytes (@ 0x40830cd8, Internal) allocated CPU 0 ccount 0x0297b8a4 caller 0x40801570:0x408015c6
    40 bytes (@ 0x40830d6c, Internal) allocated CPU 0 ccount 0x0297cc04 caller 0x40801570:0x408015c6
    72 bytes (@ 0x40830db0, Internal) allocated CPU 0 ccount 0x0297de4c caller 0x40801570:0x408015c6
    40 bytes (@ 0x40830e14, Internal) allocated CPU 0 ccount 0x0297ed10 caller 0x40801570:0x408015c6
     8 bytes (@ 0x40830e58, Internal) allocated CPU 0 ccount 0x0297fc70 caller 0x40801570:0x408015c6
     4 bytes (@ 0x40830e7c, Internal) allocated CPU 0 ccount 0x02980b14 caller 0x40801570:0x408015c6
    16 bytes (@ 0x40830ea0, Internal) allocated CPU 0 ccount 0x02981d98 caller 0x40801570:0x408015c6
   100 bytes (@ 0x40830ecc, Internal) allocated CPU 0 ccount 0x02982cc0 caller 0x40801570:0x408015c6
    16 bytes (@ 0x40830f4c, Internal) allocated CPU 0 ccount 0x02983e80 caller 0x40801570:0x408015c6
    28 bytes (@ 0x40830f78, Internal) allocated CPU 0 ccount 0x02984dac caller 0x40801570:0x408015c6
    24 bytes (@ 0x40830fb0, Internal) allocated CPU 0 ccount 0x02985ee8 caller 0x40801570:0x408015c6
    76 bytes (@ 0x40830fe4, Internal) allocated CPU 0 ccount 0x02987100 caller 0x40801570:0x408015c6
    20 bytes (@ 0x4083104c, Internal) allocated CPU 0 ccount 0x02988110 caller 0x40801570:0x408015c6
   280 bytes (@ 0x4083107c, Internal) allocated CPU 0 ccount 0x02988ff0 caller 0x40801570:0x408015c6
    24 bytes (@ 0x408311b0, Internal) allocated CPU 0 ccount 0x0298a3e4 caller 0x40801570:0x408015c6
   100 bytes (@ 0x408311e4, Internal) allocated CPU 0 ccount 0x0298b2f4 caller 0x40801570:0x408015c6
    20 bytes (@ 0x40831264, Internal) allocated CPU 0 ccount 0x0298c5bc caller 0x40801570:0x408015c6
    36 bytes (@ 0x40831294, Internal) allocated CPU 0 ccount 0x0298d614 caller 0x40801570:0x408015c6
    36 bytes (@ 0x408312d4, Internal) allocated CPU 0 ccount 0x0298e778 caller 0x40801570:0x408015c6
    36 bytes (@ 0x40831314, Internal) allocated CPU 0 ccount 0x0298f688 caller 0x40801570:0x408015c6
    36 bytes (@ 0x40831354, Internal) allocated CPU 0 ccount 0x02990598 caller 0x40801570:0x408015c6
    36 bytes (@ 0x40831394, Internal) allocated CPU 0 ccount 0x029914a8 caller 0x40801570:0x408015c6
    36 bytes (@ 0x408313d4, Internal) allocated CPU 0 ccount 0x029923b0 caller 0x40801570:0x408015c6
    36 bytes (@ 0x40831414, Internal) allocated CPU 0 ccount 0x029932b8 caller 0x40801570:0x408015c6
    36 bytes (@ 0x40831454, Internal) allocated CPU 0 ccount 0x029941c0 caller 0x40801570:0x408015c6
    36 bytes (@ 0x40831494, Internal) allocated CPU 0 ccount 0x029950c8 caller 0x40801570:0x408015c6
    28 bytes (@ 0x408314d4, Internal) allocated CPU 0 ccount 0x02996264 caller 0x40801570:0x408015c6
    76 bytes (@ 0x4083150c, Internal) allocated CPU 0 ccount 0x029973d4 caller 0x40801570:0x408015c6
    76 bytes (@ 0x40831574, Internal) allocated CPU 0 ccount 0x02998508 caller 0x40801570:0x408015c6
    76 bytes (@ 0x408315dc, Internal) allocated CPU 0 ccount 0x02999ccc caller 0x40801570:0x408015c6
    76 bytes (@ 0x40831644, Internal) allocated CPU 0 ccount 0x0299ad94 caller 0x40801570:0x408015c6
    76 bytes (@ 0x408316ac, Internal) allocated CPU 0 ccount 0x0299c22c caller 0x40801570:0x408015c6
    28 bytes (@ 0x40831714, Internal) allocated CPU 0 ccount 0x0299d600 caller 0x40801570:0x408015c6
   124 bytes (@ 0x4083174c, Internal) allocated CPU 0 ccount 0x0299e84c caller 0x40801570:0x408015c6
   124 bytes (@ 0x408317e4, Internal) allocated CPU 0 ccount 0x0299f84c caller 0x40801570:0x408015c6
   124 bytes (@ 0x4083187c, Internal) allocated CPU 0 ccount 0x029a097c caller 0x40801570:0x408015c6
   124 bytes (@ 0x40831914, Internal) allocated CPU 0 ccount 0x029a1ab4 caller 0x40801570:0x408015c6
   124 bytes (@ 0x408319ac, Internal) allocated CPU 0 ccount 0x029a2be4 caller 0x40801570:0x408015c6
    28 bytes (@ 0x40831a44, Internal) allocated CPU 0 ccount 0x029a40e4 caller 0x40801570:0x408015c6
    20 bytes (@ 0x40831a7c, Internal) allocated CPU 0 ccount 0x029a52a4 caller 0x40801570:0x408015c6
    20 bytes (@ 0x40831aac, Internal) allocated CPU 0 ccount 0x029a6288 caller 0x40801570:0x408015c6
    20 bytes (@ 0x40831adc, Internal) allocated CPU 0 ccount 0x029a732c caller 0x40801570:0x408015c6
    20 bytes (@ 0x40831b0c, Internal) allocated CPU 0 ccount 0x029a83d4 caller 0x40801570:0x408015c6
    20 bytes (@ 0x40831b3c, Internal) allocated CPU 0 ccount 0x029a947c caller 0x40801570:0x408015c6
    20 bytes (@ 0x40831b6c, Internal) allocated CPU 0 ccount 0x029aa524 caller 0x40801570:0x408015c6
    20 bytes (@ 0x40831b9c, Internal) allocated CPU 0 ccount 0x029ab9a0 caller 0x40801570:0x408015c6
    20 bytes (@ 0x40831bcc, Internal) allocated CPU 0 ccount 0x029aca44 caller 0x40801570:0x408015c6
    20 bytes (@ 0x40831bfc, Internal) allocated CPU 0 ccount 0x029adaec caller 0x40801570:0x408015c6
    20 bytes (@ 0x40831c2c, Internal) allocated CPU 0 ccount 0x029aeb94 caller 0x40801570:0x408015c6
    28 bytes (@ 0x40831c5c, Internal) allocated CPU 0 ccount 0x029affc8 caller 0x40801570:0x408015c6
   280 bytes (@ 0x40831c94, Internal) allocated CPU 0 ccount 0x029b1144 caller 0x40801570:0x408015c6
   280 bytes (@ 0x40831dc8, Internal) allocated CPU 0 ccount 0x029b22c0 caller 0x40801570:0x408015c6
   280 bytes (@ 0x40831efc, Internal) allocated CPU 0 ccount 0x029b34b8 caller 0x40801570:0x408015c6
   280 bytes (@ 0x40832030, Internal) allocated CPU 0 ccount 0x029b462c caller 0x40801570:0x408015c6
   280 bytes (@ 0x40832164, Internal) allocated CPU 0 ccount 0x029b5788 caller 0x40801570:0x408015c6
    20 bytes (@ 0x40832298, Internal) allocated CPU 0 ccount 0x029b6cb0 caller 0x40801570:0x408015c6
     8 bytes (@ 0x408322c8, Internal) allocated CPU 0 ccount 0x029b7b98 caller 0x40801570:0x408015c6
    40 bytes (@ 0x408322ec, Internal) allocated CPU 0 ccount 0x029b8be4 caller 0x40801570:0x408015c6
   512 bytes (@ 0x40832330, Internal) allocated CPU 0 ccount 0x029b9b04 caller 0x40801570:0x408015c6
    28 bytes (@ 0x4083254c, Internal) allocated CPU 0 ccount 0x029baab4 caller 0x40801570:0x408015c6
    12 bytes (@ 0x40832584, Internal) allocated CPU 0 ccount 0x029bbda8 caller 0x40801570:0x408015c6
    44 bytes (@ 0x408325ac, Internal) allocated CPU 0 ccount 0x029bcc44 caller 0x40801570:0x408015c6
    12 bytes (@ 0x408325f4, Internal) allocated CPU 0 ccount 0x029bdb6c caller 0x40801570:0x408015c6
    44 bytes (@ 0x4083261c, Internal) allocated CPU 0 ccount 0x029bea08 caller 0x40801570:0x408015c6
    12 bytes (@ 0x40832664, Internal) allocated CPU 0 ccount 0x029bf944 caller 0x40801570:0x408015c6
    28 bytes (@ 0x4083268c, Internal) allocated CPU 0 ccount 0x029c0cdc caller 0x40801570:0x408015c6
    56 bytes (@ 0x408326c4, Internal) allocated CPU 0 ccount 0x029c1e9c caller 0x40801570:0x408015c6
    28 bytes (@ 0x40832718, Internal) allocated CPU 0 ccount 0x029c2dfc caller 0x40801570:0x408015c6
  2160 bytes (@ 0x40832750, Internal) allocated CPU 0 ccount 0x029c3e2c caller 0x40801570:0x408015c6
   576 bytes (@ 0x40832fdc, Internal) allocated CPU 0 ccount 0x029c5130 caller 0x40801570:0x408015c6
   260 bytes (@ 0x40833238, Internal) allocated CPU 0 ccount 0x029c61ac caller 0x40801570:0x408015c6
    28 bytes (@ 0x40833358, Internal) allocated CPU 0 ccount 0x029c7128 caller 0x40801570:0x408015c6
    28 bytes (@ 0x40833390, Internal) allocated CPU 0 ccount 0x029c8074 caller 0x40801570:0x408015c6
   388 bytes (@ 0x408333c8, Internal) allocated CPU 0 ccount 0x029cd6f8 caller 0x40801570:0x408015c6
     8 bytes (@ 0x40833568, Internal) allocated CPU 0 ccount 0x02a0d388 caller 0x40801570:0x408015c6
     4 bytes (@ 0x4083358c, Internal) allocated CPU 0 ccount 0x02a0e8d0 caller 0x40801570:0x408015c6
    12 bytes (@ 0x408335b0, Internal) allocated CPU 0 ccount 0x02a0f804 caller 0x40801570:0x408015c6
     8 bytes (@ 0x408335d8, Internal) allocated CPU 0 ccount 0x02a10c3c caller 0x40801570:0x408015c6
    12 bytes (@ 0x408335fc, Internal) allocated CPU 0 ccount 0x02a11ad4 caller 0x40801570:0x408015c6
     4 bytes (@ 0x40833624, Internal) allocated CPU 0 ccount 0x02a12d48 caller 0x40801570:0x408015c6
    12 bytes (@ 0x40833648, Internal) allocated CPU 0 ccount 0x02a13c34 caller 0x40801570:0x408015c6
     4 bytes (@ 0x40833670, Internal) allocated CPU 0 ccount 0x02a14d9c caller 0x40801570:0x408015c6
    12 bytes (@ 0x40833694, Internal) allocated CPU 0 ccount 0x02a15c8c caller 0x40801570:0x408015c6
     4 bytes (@ 0x408336bc, Internal) allocated CPU 0 ccount 0x02a16cc4 caller 0x40801570:0x408015c6
    12 bytes (@ 0x408336e0, Internal) allocated CPU 0 ccount 0x02a17b58 caller 0x40801570:0x408015c6
    92 bytes (@ 0x40833708, Internal) allocated CPU 0 ccount 0x02a3a848 caller 0x40801570:0x408015c6
    92 bytes (@ 0x408337bc, Internal) allocated CPU 0 ccount 0x02b0cd78 caller 0x40801570:0x408015c6
     8 bytes (@ 0x40833834, Internal) allocated CPU 0 ccount 0x02ca9140 caller 0x40801570:0x408015c6
    12 bytes (@ 0x40833858, Internal) allocated CPU 0 ccount 0x02caf47c caller 0x40801570:0x408015c6
  4096 bytes (@ 0x40833880, Internal) allocated CPU 0 ccount 0x02cb1be4 caller 0x40801570:0x408015c6
   348 bytes (@ 0x4083489c, Internal) allocated CPU 0 ccount 0x02cb28ac caller 0x40801570:0x408015c6
     8 bytes (@ 0x40834a14, Internal) allocated CPU 0 ccount 0x02cb4c00 caller 0x40801570:0x408015c6
    12 bytes (@ 0x40834aa0, Internal) allocated CPU 0 ccount 0x02cb8f10 caller 0x40801570:0x408015c6
    92 bytes (@ 0x40834ac8, Internal) allocated CPU 0 ccount 0x02cc8e2c caller 0x40801570:0x408015c6
    92 bytes (@ 0x40834b2c, Internal) allocated CPU 0 ccount 0x02cca124 caller 0x40801570:0x408015c6
    92 bytes (@ 0x40834b90, Internal) allocated CPU 0 ccount 0x02cccf6c caller 0x40801570:0x408015c6
    92 bytes (@ 0x40834c30, Internal) allocated CPU 0 ccount 0x02cd0fc0 caller 0x40801570:0x408015c6
  4096 bytes (@ 0x40834ca8, Internal) allocated CPU 0 ccount 0x02cd2a5c caller 0x40801570:0x408015c6
   348 bytes (@ 0x40835cc4, Internal) allocated CPU 0 ccount 0x02cd3728 caller 0x40801570:0x408015c6
     4 bytes (@ 0x40835ee0, Internal) allocated CPU 0 ccount 0x02d61d80 caller 0x408014a2:0x408015ac
freed by 0x40801464:0x4080159a
   120 bytes (@ 0x40835f04, Internal) allocated CPU 0 ccount 0x02d63ce4 caller 0x40801570:0x408015c6
     8 bytes (@ 0x40835f98, Internal) allocated CPU 0 ccount 0x02d6566c caller 0x40801570:0x408015c6
     8 bytes (@ 0x40835fbc, Internal) allocated CPU 0 ccount 0x02d663ac caller 0x40801570:0x408015c6
    44 bytes (@ 0x40835fe0, Internal) allocated CPU 0 ccount 0x02da4634 caller 0x40801570:0x408015c6
    24 bytes (@ 0x40836014, Internal) allocated CPU 0 ccount 0x02da7028 caller 0x40801570:0x408015c6
    20 bytes (@ 0x40836048, Internal) allocated CPU 0 ccount 0x02da7f60 caller 0x40801570:0x408015c6
    20 bytes (@ 0x40836078, Internal) allocated CPU 0 ccount 0x02da9624 caller 0x40801570:0x408015c6
    76 bytes (@ 0x408360a8, Internal) allocated CPU 0 ccount 0x02dae414 caller 0x40801570:0x408015c6
    76 bytes (@ 0x40836110, Internal) allocated CPU 0 ccount 0x02daf4c4 caller 0x40801570:0x408015c6
    20 bytes (@ 0x408361b4, Internal) allocated CPU 0 ccount 0x02dd7d5c caller 0x40801570:0x408015c6
   292 bytes (@ 0x408361e4, Internal) allocated CPU 0 ccount 0x02dd9450 caller 0x40801570:0x408015c6
    20 bytes (@ 0x40836324, Internal) allocated CPU 0 ccount 0x02ddaadc caller 0x40801570:0x408015c6
   292 bytes (@ 0x40836354, Internal) allocated CPU 0 ccount 0x02ddba4c caller 0x40801570:0x408015c6
    20 bytes (@ 0x40836494, Internal) allocated CPU 0 ccount 0x02ddca5c caller 0x40801570:0x408015c6
   292 bytes (@ 0x408364c4, Internal) allocated CPU 0 ccount 0x02ddd9cc caller 0x40801570:0x408015c6
  8192 bytes (@ 0x40836604, Internal) allocated CPU 0 ccount 0x02f3f980 caller 0x40801570:0x408015c6
   348 bytes (@ 0x40838620, Internal) allocated CPU 0 ccount 0x02f40650 caller 0x40801570:0x408015c6
    16 bytes (@ 0x40836178, Internal) allocated CPU 0 ccount 0x02f53a8c caller 0x40801570:0x408015c6
   960 bytes (@ 0x40838800, Internal) allocated CPU 0 ccount 0x02f64d88 caller 0x40801570:0x408015c6
   168 bytes (@ 0x40838bdc, Internal) allocated CPU 0 ccount 0x02f65a4c caller 0x40801570:0x408015c6
  4096 bytes (@ 0x40838ca0, Internal) allocated CPU 0 ccount 0x02f679a4 caller 0x40801570:0x408015c6
   348 bytes (@ 0x40839cbc, Internal) allocated CPU 0 ccount 0x02f6867c caller 0x40801570:0x408015c6
 20480 bytes (@ 0x40839e34, Internal) allocated CPU 0 ccount 0x02f72950 caller 0x40801570:0x408015c6
   348 bytes (@ 0x4083ee50, Internal) allocated CPU 0 ccount 0x02f7362c caller 0x40801570:0x408015c6
    16 bytes (@ 0x4083efc8, Internal) allocated CPU 0 ccount 0x02f8a388 caller 0x40801570:0x408015c6
  4096 bytes (@ 0x4083f05c, Internal) allocated CPU 0 ccount 0x02f8c408 caller 0x40801570:0x408015c6
   348 bytes (@ 0x40840078, Internal) allocated CPU 0 ccount 0x02f8d0ec caller 0x40801570:0x408015c6
  4096 bytes (@ 0x408401f0, Internal) allocated CPU 0 ccount 0x02f8f2dc caller 0x40801570:0x408015c6
   348 bytes (@ 0x4084120c, Internal) allocated CPU 0 ccount 0x02f90394 caller 0x40801570:0x408015c6
    16 bytes (@ 0x40841384, Internal) allocated CPU 0 ccount 0x02f95b24 caller 0x40801570:0x408015c6
  6144 bytes (@ 0x40841418, Internal) allocated CPU 0 ccount 0x03029de8 caller 0x40801570:0x408015c6
   348 bytes (@ 0x40842c34, Internal) allocated CPU 0 ccount 0x0302aac4 caller 0x40801570:0x408015c6
   396 bytes (@ 0x4082ee50, Internal) allocated CPU 0 ccount 0x04ca9068 caller 0x40801570:0x408015c6
freed by 0x40801464:0x4080159a
    80 bytes (@ 0x40822cac, Internal) allocated CPU 0 ccount 0x04cf8360 caller 0x40801570:0x408015c6
    16 bytes (@ 0x4083379c, Internal) allocated CPU 0 ccount 0x04d0b4f4 caller 0x40801570:0x408015c6
   132 bytes (@ 0x40822d78, Internal) allocated CPU 0 ccount 0x04d0cfb0 caller 0x40801570:0x408015c6
    28 bytes (@ 0x4082f78c, Internal) allocated CPU 0 ccount 0x04d0ddf8 caller 0x40801570:0x408015c6
    24 bytes (@ 0x4082f704, Internal) allocated CPU 0 ccount 0x04d105ec caller 0x40801570:0x408015c6
   396 bytes (@ 0x4082ee50, Internal) allocated CPU 0 ccount 0x12c543a8 caller 0x40801570:0x408015c6
   396 bytes (@ 0x4082ee50, Internal) allocated CPU 0 ccount 0x14902c3c caller 0x40801570:0x408015c6
====== Heap Trace Summary ======
Mode: Heap Trace All
135544 bytes alive in trace (236/240 allocations)
records: 240 (256 capacity, 240 high water mark)
total allocations: 240
total frees: 329
================================
[0;32mI (24989) speechster_b1: [Health] rb_fill=0.0% free=49152 heap=53476 frames/s=0 bytes/s=0[0m
[0;32mI (24999) CPU: Idle: 79.2%   Load: 20.8%[0m
[0;32mI (29999) speechster_b1: [Health] rb_fill=0.0% free=49152 heap=53416 frames/s=0 bytes/s=0[0m
[0;32mI (29999) CPU: Idle: 82.1%   Load: 17.9%[0m
[0;33mW (34999) HEAPTRACE: [0m
Dumping current heap trace:
====== Heap Trace: 242 records (256 capacity) ======
    12 bytes (@ 0x4084dab8, Internal) allocated CPU 0 ccount 0x026da7d0 caller 0x40801570:0x408015c6
    92 bytes (@ 0x4084dacc, Internal) allocated CPU 0 ccount 0x0273f73c caller 0x40801570:0x408015c6
   112 bytes (@ 0x4084db30, Internal) allocated CPU 0 ccount 0x02740434 caller 0x40801570:0x408015c6
 49152 bytes (@ 0x40822e48, Internal) allocated CPU 0 ccount 0x02740f4c caller 0x40801570:0x408015c6
    92 bytes (@ 0x4084dc70, Internal) allocated CPU 0 ccount 0x027a0ed4 caller 0x40801570:0x408015c6
    12 bytes (@ 0x4084dcd4, Internal) allocated CPU 0 ccount 0x027a1b1c caller 0x40801570:0x408015c6
    92 bytes (@ 0x4084dce8, Internal) allocated CPU 0 ccount 0x027a28ec caller 0x40801570:0x408015c6
    92 bytes (@ 0x4084dd4c, Internal) allocated CPU 0 ccount 0x027a397c caller 0x40801570:0x408015c6
    72 bytes (@ 0x4084ddb0, Internal) allocated CPU 0 ccount 0x027a54b0 caller 0x40801570:0x408015c6
    12 bytes (@ 0x4084de30, Internal) allocated CPU 0 ccount 0x027a846c caller 0x40801570:0x408015da
   128 bytes (@ 0x4084de44, Internal) allocated CPU 0 ccount 0x027a955c caller 0x40801570:0x408015da
    12 bytes (@ 0x4084decc, Internal) allocated CPU 0 ccount 0x027aa188 caller 0x40801570:0x408015da
   128 bytes (@ 0x4084dee0, Internal) allocated CPU 0 ccount 0x027aad18 caller 0x40801570:0x408015da
    12 bytes (@ 0x4084df68, Internal) allocated CPU 0 ccount 0x027ab8c8 caller 0x40801570:0x408015da
   128 bytes (@ 0x4084df7c, Internal) allocated CPU 0 ccount 0x027ac460 caller 0x40801570:0x408015da
    12 bytes (@ 0x4084e004, Internal) allocated CPU 0 ccount 0x027ad03c caller 0x40801570:0x408015da
   128 bytes (@ 0x4084e018, Internal) allocated CPU 0 ccount 0x027adbd4 caller 0x40801570:0x408015da
     8 bytes (@ 0x4084e188, Internal) allocated CPU 0 ccount 0x027be4c0 caller 0x40801570:0x408015c6
    12 bytes (@ 0x4084e198, Internal) allocated CPU 0 ccount 0x027c3ca4 caller 0x40801570:0x408015c6
   156 bytes (@ 0x4084e1ac, Internal) allocated CPU 0 ccount 0x0281904c caller 0x40801570:0x408015c6
  4096 bytes (@ 0x4084e250, Internal) allocated CPU 0 ccount 0x02819df4 caller 0x40801570:0x408015c6
   348 bytes (@ 0x4084f258, Internal) allocated CPU 0 ccount 0x0281a8c8 caller 0x40801570:0x408015c6
    92 bytes (@ 0x4084f3bc, Internal) allocated CPU 0 ccount 0x0281da6c caller 0x40801570:0x408015c6
    40 bytes (@ 0x4084f420, Internal) allocated CPU 0 ccount 0x0281ee80 caller 0x40801570:0x408015c6
    92 bytes (@ 0x4084f450, Internal) allocated CPU 0 ccount 0x02820f48 caller 0x40801570:0x408015c6
    92 bytes (@ 0x4084f4d4, Internal) allocated CPU 0 ccount 0x02823d8c caller 0x40801570:0x408015c6
    52 bytes (@ 0x4084f5d4, Internal) allocated CPU 0 ccount 0x028296b8 caller 0x40801570:0x408015c6
    52 bytes (@ 0x4084f610, Internal) allocated CPU 0 ccount 0x0282ae0c caller 0x40801570:0x408015c6
    52 bytes (@ 0x4084f64c, Internal) allocated CPU 0 ccount 0x0282bc20 caller 0x40801570:0x408015c6
    20 bytes (@ 0x4084f4b4, Internal) allocated CPU 0 ccount 0x02830ad0 caller 0x40801570:0x408015c6
freed by 0x40801464:0x4080159a
    16 bytes (@ 0x4084f4b4, Internal) allocated CPU 0 ccount 0x02833098 caller 0x40801570:0x408015c6
   104 bytes (@ 0x4084f688, Internal) allocated CPU 0 ccount 0x02834aa8 caller 0x40801570:0x408015c6
   508 bytes (@ 0x4084f6f8, Internal) allocated CPU 0 ccount 0x02835ef0 caller 0x40801570:0x408015c6
   512 bytes (@ 0x4084f8fc, Internal) allocated CPU 0 ccount 0x0283963c caller 0x40801570:0x408015c6
freed by 0x40801464:0x4080159a
   512 bytes (@ 0x4084f8fc, Internal) allocated CPU 0 ccount 0x0285e884 caller 0x40801570:0x408015c6
   512 bytes (@ 0x4084f8fc, Internal) allocated CPU 0 ccount 0x02882f34 caller 0x40801570:0x408015c6
   512 bytes (@ 0x4084f8fc, Internal) allocated CPU 0 ccount 0x028a7208 caller 0x40801570:0x408015c6
   512 bytes (@ 0x4084f8fc, Internal) allocated CPU 0 ccount 0x028cb4e0 caller 0x40801570:0x408015c6
   512 bytes (@ 0x4084f8fc, Internal) allocated CPU 0 ccount 0x028ef7b8 caller 0x40801570:0x408015c6
   180 bytes (@ 0x4084f8fc, Internal) allocated CPU 0 ccount 0x029170b0 caller 0x40801570:0x408015c6
   888 bytes (@ 0x4084f9b8, Internal) allocated CPU 0 ccount 0x029197b8 caller 0x40801570:0x408015c6
    16 bytes (@ 0x4084f5a0, Internal) allocated CPU 0 ccount 0x0291ace4 caller 0x40801570:0x408015c6
   216 bytes (@ 0x4084fd38, Internal) allocated CPU 0 ccount 0x0291b8bc caller 0x40801570:0x408015c6
    40 bytes (@ 0x4084fe18, Internal) allocated CPU 0 ccount 0x0291cb04 caller 0x40801570:0x408015c6
    16 bytes (@ 0x4084f5b8, Internal) allocated CPU 0 ccount 0x0291d7fc caller 0x40801570:0x408015c6
   388 bytes (@ 0x4082f1c0, Internal) allocated CPU 0 ccount 0x0291f67c caller 0x40801570:0x408015c6
    68 bytes (@ 0x4084fe48, Internal) allocated CPU 0 ccount 0x0293901c caller 0x40801570:0x408015c6
    76 bytes (@ 0x4082f374, Internal) allocated CPU 0 ccount 0x0293a6cc caller 0x40801570:0x408015c6
    16 bytes (@ 0x4084fe94, Internal) allocated CPU 0 ccount 0x0293b708 caller 0x40801570:0x408015c6
    16 bytes (@ 0x4084feac, Internal) allocated CPU 0 ccount 0x0293c434 caller 0x40801570:0x408015c6
   268 bytes (@ 0x4082f404, Internal) allocated CPU 0 ccount 0x0293d3e8 caller 0x40801570:0x408015c6
   112 bytes (@ 0x4082f52c, Internal) allocated CPU 0 ccount 0x0293e838 caller 0x40801570:0x408015c6
   112 bytes (@ 0x4082f5b8, Internal) allocated CPU 0 ccount 0x0293f7e0 caller 0x40801570:0x408015c6
    64 bytes (@ 0x4082f644, Internal) allocated CPU 0 ccount 0x02940a40 caller 0x40801570:0x408015c6
     8 bytes (@ 0x4084fec4, Internal) allocated CPU 0 ccount 0x02944614 caller 0x40801570:0x408015c6
    16 bytes (@ 0x4082f72c, Internal) allocated CPU 0 ccount 0x029452c8 caller 0x40801570:0x408015c6
    44 bytes (@ 0x4082f758, Internal) allocated CPU 0 ccount 0x02946228 caller 0x40801570:0x408015c6
     8 bytes (@ 0x4084fed4, Internal) allocated CPU 0 ccount 0x029472a8 caller 0x40801570:0x408015c6
    32 bytes (@ 0x4082f7b4, Internal) allocated CPU 0 ccount 0x02947f64 caller 0x40801570:0x408015c6
    12 bytes (@ 0x4082f7f0, Internal) allocated CPU 0 ccount 0x02948e30 caller 0x40801570:0x408015c6
    36 bytes (@ 0x4082f818, Internal) allocated CPU 0 ccount 0x02949f74 caller 0x40801570:0x408015c6
    12 bytes (@ 0x4082f858, Internal) allocated CPU 0 ccount 0x0294aea4 caller 0x40801570:0x408015c6
   568 bytes (@ 0x4082f880, Internal) allocated CPU 0 ccount 0x0294bf68 caller 0x40801570:0x408015c6
    40 bytes (@ 0x4082fad4, Internal) allocated CPU 0 ccount 0x0294cfb8 caller 0x40801570:0x408015c6
    80 bytes (@ 0x4082fb18, Internal) allocated CPU 0 ccount 0x0294e514 caller 0x40801570:0x408015c6
    32 bytes (@ 0x4082fb84, Internal) allocated CPU 0 ccount 0x0294f454 caller 0x40801570:0x408015c6
     8 bytes (@ 0x408212c0, Internal) allocated CPU 0 ccount 0x02950320 caller 0x40801570:0x408015c6
   600 bytes (@ 0x4082fbd4, Internal) allocated CPU 0 ccount 0x029512ec caller 0x40801570:0x408015c6
    64 bytes (@ 0x4082ff38, Internal) allocated CPU 0 ccount 0x029566d8 caller 0x40801570:0x408015c6
    32 bytes (@ 0x4082ff94, Internal) allocated CPU 0 ccount 0x02957794 caller 0x40801570:0x408015c6
    64 bytes (@ 0x4082ffd0, Internal) allocated CPU 0 ccount 0x02958868 caller 0x40801570:0x408015c6
    48 bytes (@ 0x4083002c, Internal) allocated CPU 0 ccount 0x029597bc caller 0x40801570:0x408015c6
   100 bytes (@ 0x40830078, Internal) allocated CPU 0 ccount 0x0295a6f0 caller 0x40801570:0x408015c6
    16 bytes (@ 0x408300f8, Internal) allocated CPU 0 ccount 0x0295b774 caller 0x40801570:0x408015c6
    16 bytes (@ 0x40830124, Internal) allocated CPU 0 ccount 0x0295c690 caller 0x40801570:0x408015c6
    28 bytes (@ 0x40830150, Internal) allocated CPU 0 ccount 0x0295d920 caller 0x40801570:0x408015c6
   256 bytes (@ 0x40830188, Internal) allocated CPU 0 ccount 0x0295e884 caller 0x40801570:0x408015c6
   124 bytes (@ 0x408302e0, Internal) allocated CPU 0 ccount 0x02960a7c caller 0x40801570:0x408015c6
    40 bytes (@ 0x40830378, Internal) allocated CPU 0 ccount 0x02961c4c caller 0x40801570:0x408015c6
     8 bytes (@ 0x408303bc, Internal) allocated CPU 0 ccount 0x02962ddc caller 0x40801570:0x408015c6
    12 bytes (@ 0x408303e0, Internal) allocated CPU 0 ccount 0x02963ec0 caller 0x40801570:0x408015c6
    16 bytes (@ 0x40830408, Internal) allocated CPU 0 ccount 0x02964e94 caller 0x40801570:0x408015c6
    28 bytes (@ 0x40830434, Internal) allocated CPU 0 ccount 0x02965d9c caller 0x40801570:0x408015c6
   260 bytes (@ 0x4083046c, Internal) allocated CPU 0 ccount 0x02966cd4 caller 0x40801570:0x408015c6
    28 bytes (@ 0x4083058c, Internal) allocated CPU 0 ccount 0x02967ca4 caller 0x40801570:0x408015c6
   100 bytes (@ 0x408305c4, Internal) allocated CPU 0 ccount 0x02968b70 caller 0x40801570:0x408015c6
    40 bytes (@ 0x40830644, Internal) allocated CPU 0 ccount 0x02969b68 caller 0x40801570:0x408015c6
     8 bytes (@ 0x40830688, Internal) allocated CPU 0 ccount 0x0296aba4 caller 0x40801570:0x408015c6
   400 bytes (@ 0x408306ac, Internal) allocated CPU 0 ccount 0x0296bad8 caller 0x40801570:0x408015c6
   200 bytes (@ 0x40830858, Internal) allocated CPU 0 ccount 0x0296cef0 caller 0x40801570:0x408015c6
    80 bytes (@ 0x4083093c, Internal) allocated CPU 0 ccount 0x0296deec caller 0x40801570:0x408015c6
    24 bytes (@ 0x408309e4, Internal) allocated CPU 0 ccount 0x0296ffbc caller 0x40801570:0x408015c6
    24 bytes (@ 0x40830a90, Internal) allocated CPU 0 ccount 0x0297308c caller 0x40801570:0x408015c6
    32 bytes (@ 0x40830ac4, Internal) allocated CPU 0 ccount 0x02974238 caller 0x40801570:0x408015c6
     8 bytes (@ 0x40830b00, Internal) allocated CPU 0 ccount 0x029751c0 caller 0x40801570:0x408015c6
    40 bytes (@ 0x40830b24, Internal) allocated CPU 0 ccount 0x02976438 caller 0x40801570:0x408015c6
    20 bytes (@ 0x40830b68, Internal) allocated CPU 0 ccount 0x029773cc caller 0x40801570:0x408015c6
    32 bytes (@ 0x40830b98, Internal) allocated CPU 0 ccount 0x02978590 caller 0x40801570:0x408015c6
   136 bytes (@ 0x40830bd4, Internal) allocated CPU 0 ccount 0x029798d8 caller 0x40801570:0x408015c6
    68 bytes (@ 0x40830c78, Internal) allocated CPU 0 ccount 0x0297a8e8 caller 0x40801570:0x408015c6
   120 bytes (@ 0x40830cd8, Internal) allocated CPU 0 ccount 0x0297b8a4 caller 0x40801570:0x408015c6
    40 bytes (@ 0x40830d6c, Internal) allocated CPU 0 ccount 0x0297cc04 caller 0x40801570:0x408015c6
    72 bytes (@ 0x40830db0, Internal) allocated CPU 0 ccount 0x0297de4c caller 0x40801570:0x408015c6
    40 bytes (@ 0x40830e14, Internal) allocated CPU 0 ccount 0x0297ed10 caller 0x40801570:0x408015c6
     8 bytes (@ 0x40830e58, Internal) allocated CPU 0 ccount 0x0297fc70 caller 0x40801570:0x408015c6
     4 bytes (@ 0x40830e7c, Internal) allocated CPU 0 ccount 0x02980b14 caller 0x40801570:0x408015c6
    16 bytes (@ 0x40830ea0, Internal) allocated CPU 0 ccount 0x02981d98 caller 0x40801570:0x408015c6
   100 bytes (@ 0x40830ecc, Internal) allocated CPU 0 ccount 0x02982cc0 caller 0x40801570:0x408015c6
    16 bytes (@ 0x40830f4c, Internal) allocated CPU 0 ccount 0x02983e80 caller 0x40801570:0x408015c6
    28 bytes (@ 0x40830f78, Internal) allocated CPU 0 ccount 0x02984dac caller 0x40801570:0x408015c6
    24 bytes (@ 0x40830fb0, Internal) allocated CPU 0 ccount 0x02985ee8 caller 0x40801570:0x408015c6
    76 bytes (@ 0x40830fe4, Internal) allocated CPU 0 ccount 0x02987100 caller 0x40801570:0x408015c6
    20 bytes (@ 0x4083104c, Internal) allocated CPU 0 ccount 0x02988110 caller 0x40801570:0x408015c6
   280 bytes (@ 0x4083107c, Internal) allocated CPU 0 ccount 0x02988ff0 caller 0x40801570:0x408015c6
    24 bytes (@ 0x408311b0, Internal) allocated CPU 0 ccount 0x0298a3e4 caller 0x40801570:0x408015c6
   100 bytes (@ 0x408311e4, Internal) allocated CPU 0 ccount 0x0298b2f4 caller 0x40801570:0x408015c6
    20 bytes (@ 0x40831264, Internal) allocated CPU 0 ccount 0x0298c5bc caller 0x40801570:0x408015c6
    36 bytes (@ 0x40831294, Internal) allocated CPU 0 ccount 0x0298d614 caller 0x40801570:0x408015c6
    36 bytes (@ 0x408312d4, Internal) allocated CPU 0 ccount 0x0298e778 caller 0x40801570:0x408015c6
    36 bytes (@ 0x40831314, Internal) allocated CPU 0 ccount 0x0298f688 caller 0x40801570:0x408015c6
    36 bytes (@ 0x40831354, Internal) allocated CPU 0 ccount 0x02990598 caller 0x40801570:0x408015c6
    36 bytes (@ 0x40831394, Internal) allocated CPU 0 ccount 0x029914a8 caller 0x40801570:0x408015c6
    36 bytes (@ 0x408313d4, Internal) allocated CPU 0 ccount 0x029923b0 caller 0x40801570:0x408015c6
    36 bytes (@ 0x40831414, Internal) allocated CPU 0 ccount 0x029932b8 caller 0x40801570:0x408015c6
    36 bytes (@ 0x40831454, Internal) allocated CPU 0 ccount 0x029941c0 caller 0x40801570:0x408015c6
    36 bytes (@ 0x40831494, Internal) allocated CPU 0 ccount 0x029950c8 caller 0x40801570:0x408015c6
    28 bytes (@ 0x408314d4, Internal) allocated CPU 0 ccount 0x02996264 caller 0x40801570:0x408015c6
    76 bytes (@ 0x4083150c, Internal) allocated CPU 0 ccount 0x029973d4 caller 0x40801570:0x408015c6
    76 bytes (@ 0x40831574, Internal) allocated CPU 0 ccount 0x02998508 caller 0x40801570:0x408015c6
    76 bytes (@ 0x408315dc, Internal) allocated CPU 0 ccount 0x02999ccc caller 0x40801570:0x408015c6
    76 bytes (@ 0x40831644, Internal) allocated CPU 0 ccount 0x0299ad94 caller 0x40801570:0x408015c6
    76 bytes (@ 0x408316ac, Internal) allocated CPU 0 ccount 0x0299c22c caller 0x40801570:0x408015c6
    28 bytes (@ 0x40831714, Internal) allocated CPU 0 ccount 0x0299d600 caller 0x40801570:0x408015c6
   124 bytes (@ 0x4083174c, Internal) allocated CPU 0 ccount 0x0299e84c caller 0x40801570:0x408015c6
   124 bytes (@ 0x408317e4, Internal) allocated CPU 0 ccount 0x0299f84c caller 0x40801570:0x408015c6
   124 bytes (@ 0x4083187c, Internal) allocated CPU 0 ccount 0x029a097c caller 0x40801570:0x408015c6
   124 bytes (@ 0x40831914, Internal) allocated CPU 0 ccount 0x029a1ab4 caller 0x40801570:0x408015c6
   124 bytes (@ 0x408319ac, Internal) allocated CPU 0 ccount 0x029a2be4 caller 0x40801570:0x408015c6
    28 bytes (@ 0x40831a44, Internal) allocated CPU 0 ccount 0x029a40e4 caller 0x40801570:0x408015c6
    20 bytes (@ 0x40831a7c, Internal) allocated CPU 0 ccount 0x029a52a4 caller 0x40801570:0x408015c6
    20 bytes (@ 0x40831aac, Internal) allocated CPU 0 ccount 0x029a6288 caller 0x40801570:0x408015c6
    20 bytes (@ 0x40831adc, Internal) allocated CPU 0 ccount 0x029a732c caller 0x40801570:0x408015c6
    20 bytes (@ 0x40831b0c, Internal) allocated CPU 0 ccount 0x029a83d4 caller 0x40801570:0x408015c6
    20 bytes (@ 0x40831b3c, Internal) allocated CPU 0 ccount 0x029a947c caller 0x40801570:0x408015c6
    20 bytes (@ 0x40831b6c, Internal) allocated CPU 0 ccount 0x029aa524 caller 0x40801570:0x408015c6
    20 bytes (@ 0x40831b9c, Internal) allocated CPU 0 ccount 0x029ab9a0 caller 0x40801570:0x408015c6
    20 bytes (@ 0x40831bcc, Internal) allocated CPU 0 ccount 0x029aca44 caller 0x40801570:0x408015c6
    20 bytes (@ 0x40831bfc, Internal) allocated CPU 0 ccount 0x029adaec caller 0x40801570:0x408015c6
    20 bytes (@ 0x40831c2c, Internal) allocated CPU 0 ccount 0x029aeb94 caller 0x40801570:0x408015c6
    28 bytes (@ 0x40831c5c, Internal) allocated CPU 0 ccount 0x029affc8 caller 0x40801570:0x408015c6
   280 bytes (@ 0x40831c94, Internal) allocated CPU 0 ccount 0x029b1144 caller 0x40801570:0x408015c6
   280 bytes (@ 0x40831dc8, Internal) allocated CPU 0 ccount 0x029b22c0 caller 0x40801570:0x408015c6
   280 bytes (@ 0x40831efc, Internal) allocated CPU 0 ccount 0x029b34b8 caller 0x40801570:0x408015c6
   280 bytes (@ 0x40832030, Internal) allocated CPU 0 ccount 0x029b462c caller 0x40801570:0x408015c6
   280 bytes (@ 0x40832164, Internal) allocated CPU 0 ccount 0x029b5788 caller 0x40801570:0x408015c6
    20 bytes (@ 0x40832298, Internal) allocated CPU 0 ccount 0x029b6cb0 caller 0x40801570:0x408015c6
     8 bytes (@ 0x408322c8, Internal) allocated CPU 0 ccount 0x029b7b98 caller 0x40801570:0x408015c6
    40 bytes (@ 0x408322ec, Internal) allocated CPU 0 ccount 0x029b8be4 caller 0x40801570:0x408015c6
   512 bytes (@ 0x40832330, Internal) allocated CPU 0 ccount 0x029b9b04 caller 0x40801570:0x408015c6
    28 bytes (@ 0x4083254c, Internal) allocated CPU 0 ccount 0x029baab4 caller 0x40801570:0x408015c6
    12 bytes (@ 0x40832584, Internal) allocated CPU 0 ccount 0x029bbda8 caller 0x40801570:0x408015c6
    44 bytes (@ 0x408325ac, Internal) allocated CPU 0 ccount 0x029bcc44 caller 0x40801570:0x408015c6
    12 bytes (@ 0x408325f4, Internal) allocated CPU 0 ccount 0x029bdb6c caller 0x40801570:0x408015c6
    44 bytes (@ 0x4083261c, Internal) allocated CPU 0 ccount 0x029bea08 caller 0x40801570:0x408015c6
    12 bytes (@ 0x40832664, Internal) allocated CPU 0 ccount 0x029bf944 caller 0x40801570:0x408015c6
    28 bytes (@ 0x4083268c, Internal) allocated CPU 0 ccount 0x029c0cdc caller 0x40801570:0x408015c6
    56 bytes (@ 0x408326c4, Internal) allocated CPU 0 ccount 0x029c1e9c caller 0x40801570:0x408015c6
    28 bytes (@ 0x40832718, Internal) allocated CPU 0 ccount 0x029c2dfc caller 0x40801570:0x408015c6
  2160 bytes (@ 0x40832750, Internal) allocated CPU 0 ccount 0x029c3e2c caller 0x40801570:0x408015c6
   576 bytes (@ 0x40832fdc, Internal) allocated CPU 0 ccount 0x029c5130 caller 0x40801570:0x408015c6
   260 bytes (@ 0x40833238, Internal) allocated CPU 0 ccount 0x029c61ac caller 0x40801570:0x408015c6
    28 bytes (@ 0x40833358, Internal) allocated CPU 0 ccount 0x029c7128 caller 0x40801570:0x408015c6
    28 bytes (@ 0x40833390, Internal) allocated CPU 0 ccount 0x029c8074 caller 0x40801570:0x408015c6
   388 bytes (@ 0x408333c8, Internal) allocated CPU 0 ccount 0x029cd6f8 caller 0x40801570:0x408015c6
     8 bytes (@ 0x40833568, Internal) allocated CPU 0 ccount 0x02a0d388 caller 0x40801570:0x408015c6
     4 bytes (@ 0x4083358c, Internal) allocated CPU 0 ccount 0x02a0e8d0 caller 0x40801570:0x408015c6
    12 bytes (@ 0x408335b0, Internal) allocated CPU 0 ccount 0x02a0f804 caller 0x40801570:0x408015c6
     8 bytes (@ 0x408335d8, Internal) allocated CPU 0 ccount 0x02a10c3c caller 0x40801570:0x408015c6
    12 bytes (@ 0x408335fc, Internal) allocated CPU 0 ccount 0x02a11ad4 caller 0x40801570:0x408015c6
     4 bytes (@ 0x40833624, Internal) allocated CPU 0 ccount 0x02a12d48 caller 0x40801570:0x408015c6
    12 bytes (@ 0x40833648, Internal) allocated CPU 0 ccount 0x02a13c34 caller 0x40801570:0x408015c6
     4 bytes (@ 0x40833670, Internal) allocated CPU 0 ccount 0x02a14d9c caller 0x40801570:0x408015c6
    12 bytes (@ 0x40833694, Internal) allocated CPU 0 ccount 0x02a15c8c caller 0x40801570:0x408015c6
     4 bytes (@ 0x408336bc, Internal) allocated CPU 0 ccount 0x02a16cc4 caller 0x40801570:0x408015c6
    12 bytes (@ 0x408336e0, Internal) allocated CPU 0 ccount 0x02a17b58 caller 0x40801570:0x408015c6
    92 bytes (@ 0x40833708, Internal) allocated CPU 0 ccount 0x02a3a848 caller 0x40801570:0x408015c6
    92 bytes (@ 0x408337bc, Internal) allocated CPU 0 ccount 0x02b0cd78 caller 0x40801570:0x408015c6
     8 bytes (@ 0x40833834, Internal) allocated CPU 0 ccount 0x02ca9140 caller 0x40801570:0x408015c6
    12 bytes (@ 0x40833858, Internal) allocated CPU 0 ccount 0x02caf47c caller 0x40801570:0x408015c6
  4096 bytes (@ 0x40833880, Internal) allocated CPU 0 ccount 0x02cb1be4 caller 0x40801570:0x408015c6
   348 bytes (@ 0x4083489c, Internal) allocated CPU 0 ccount 0x02cb28ac caller 0x40801570:0x408015c6
     8 bytes (@ 0x40834a14, Internal) allocated CPU 0 ccount 0x02cb4c00 caller 0x40801570:0x408015c6
    12 bytes (@ 0x40834aa0, Internal) allocated CPU 0 ccount 0x02cb8f10 caller 0x40801570:0x408015c6
    92 bytes (@ 0x40834ac8, Internal) allocated CPU 0 ccount 0x02cc8e2c caller 0x40801570:0x408015c6
    92 bytes (@ 0x40834b2c, Internal) allocated CPU 0 ccount 0x02cca124 caller 0x40801570:0x408015c6
    92 bytes (@ 0x40834b90, Internal) allocated CPU 0 ccount 0x02cccf6c caller 0x40801570:0x408015c6
    92 bytes (@ 0x40834c30, Internal) allocated CPU 0 ccount 0x02cd0fc0 caller 0x40801570:0x408015c6
  4096 bytes (@ 0x40834ca8, Internal) allocated CPU 0 ccount 0x02cd2a5c caller 0x40801570:0x408015c6
   348 bytes (@ 0x40835cc4, Internal) allocated CPU 0 ccount 0x02cd3728 caller 0x40801570:0x408015c6
     4 bytes (@ 0x40835ee0, Internal) allocated CPU 0 ccount 0x02d61d80 caller 0x408014a2:0x408015ac
freed by 0x40801464:0x4080159a
   120 bytes (@ 0x40835f04, Internal) allocated CPU 0 ccount 0x02d63ce4 caller 0x40801570:0x408015c6
     8 bytes (@ 0x40835f98, Internal) allocated CPU 0 ccount 0x02d6566c caller 0x40801570:0x408015c6
     8 bytes (@ 0x40835fbc, Internal) allocated CPU 0 ccount 0x02d663ac caller 0x40801570:0x408015c6
    44 bytes (@ 0x40835fe0, Internal) allocated CPU 0 ccount 0x02da4634 caller 0x40801570:0x408015c6
    24 bytes (@ 0x40836014, Internal) allocated CPU 0 ccount 0x02da7028 caller 0x40801570:0x408015c6
    20 bytes (@ 0x40836048, Internal) allocated CPU 0 ccount 0x02da7f60 caller 0x40801570:0x408015c6
    20 bytes (@ 0x40836078, Internal) allocated CPU 0 ccount 0x02da9624 caller 0x40801570:0x408015c6
    76 bytes (@ 0x408360a8, Internal) allocated CPU 0 ccount 0x02dae414 caller 0x40801570:0x408015c6
    76 bytes (@ 0x40836110, Internal) allocated CPU 0 ccount 0x02daf4c4 caller 0x40801570:0x408015c6
    20 bytes (@ 0x408361b4, Internal) allocated CPU 0 ccount 0x02dd7d5c caller 0x40801570:0x408015c6
   292 bytes (@ 0x408361e4, Internal) allocated CPU 0 ccount 0x02dd9450 caller 0x40801570:0x408015c6
    20 bytes (@ 0x40836324, Internal) allocated CPU 0 ccount 0x02ddaadc caller 0x40801570:0x408015c6
   292 bytes (@ 0x40836354, Internal) allocated CPU 0 ccount 0x02ddba4c caller 0x40801570:0x408015c6
    20 bytes (@ 0x40836494, Internal) allocated CPU 0 ccount 0x02ddca5c caller 0x40801570:0x408015c6
   292 bytes (@ 0x408364c4, Internal) allocated CPU 0 ccount 0x02ddd9cc caller 0x40801570:0x408015c6
  8192 bytes (@ 0x40836604, Internal) allocated CPU 0 ccount 0x02f3f980 caller 0x40801570:0x408015c6
   348 bytes (@ 0x40838620, Internal) allocated CPU 0 ccount 0x02f40650 caller 0x40801570:0x408015c6
    16 bytes (@ 0x40836178, Internal) allocated CPU 0 ccount 0x02f53a8c caller 0x40801570:0x408015c6
   960 bytes (@ 0x40838800, Internal) allocated CPU 0 ccount 0x02f64d88 caller 0x40801570:0x408015c6
   168 bytes (@ 0x40838bdc, Internal) allocated CPU 0 ccount 0x02f65a4c caller 0x40801570:0x408015c6
  4096 bytes (@ 0x40838ca0, Internal) allocated CPU 0 ccount 0x02f679a4 caller 0x40801570:0x408015c6
   348 bytes (@ 0x40839cbc, Internal) allocated CPU 0 ccount 0x02f6867c caller 0x40801570:0x408015c6
 20480 bytes (@ 0x40839e34, Internal) allocated CPU 0 ccount 0x02f72950 caller 0x40801570:0x408015c6
   348 bytes (@ 0x4083ee50, Internal) allocated CPU 0 ccount 0x02f7362c caller 0x40801570:0x408015c6
    16 bytes (@ 0x4083efc8, Internal) allocated CPU 0 ccount 0x02f8a388 caller 0x40801570:0x408015c6
  4096 bytes (@ 0x4083f05c, Internal) allocated CPU 0 ccount 0x02f8c408 caller 0x40801570:0x408015c6
   348 bytes (@ 0x40840078, Internal) allocated CPU 0 ccount 0x02f8d0ec caller 0x40801570:0x408015c6
  4096 bytes (@ 0x408401f0, Internal) allocated CPU 0 ccount 0x02f8f2dc caller 0x40801570:0x408015c6
   348 bytes (@ 0x4084120c, Internal) allocated CPU 0 ccount 0x02f90394 caller 0x40801570:0x408015c6
    16 bytes (@ 0x40841384, Internal) allocated CPU 0 ccount 0x02f95b24 caller 0x40801570:0x408015c6
  6144 bytes (@ 0x40841418, Internal) allocated CPU 0 ccount 0x03029de8 caller 0x40801570:0x408015c6
   348 bytes (@ 0x40842c34, Internal) allocated CPU 0 ccount 0x0302aac4 caller 0x40801570:0x408015c6
   396 bytes (@ 0x4082ee50, Internal) allocated CPU 0 ccount 0x04ca9068 caller 0x40801570:0x408015c6
freed by 0x40801464:0x4080159a
    80 bytes (@ 0x40822cac, Internal) allocated CPU 0 ccount 0x04cf8360 caller 0x40801570:0x408015c6
    16 bytes (@ 0x4083379c, Internal) allocated CPU 0 ccount 0x04d0b4f4 caller 0x40801570:0x408015c6
   132 bytes (@ 0x40822d78, Internal) allocated CPU 0 ccount 0x04d0cfb0 caller 0x40801570:0x408015c6
    28 bytes (@ 0x4082f78c, Internal) allocated CPU 0 ccount 0x04d0ddf8 caller 0x40801570:0x408015c6
    24 bytes (@ 0x4082f704, Internal) allocated CPU 0 ccount 0x04d105ec caller 0x40801570:0x408015c6
   396 bytes (@ 0x4082ee50, Internal) allocated CPU 0 ccount 0x12c543a8 caller 0x40801570:0x408015c6
   396 bytes (@ 0x4082ee50, Internal) allocated CPU 0 ccount 0x14902c3c caller 0x40801570:0x408015c6
   396 bytes (@ 0x4082ee50, Internal) allocated CPU 0 ccount 0x22a6b114 caller 0x40801570:0x408015c6
   396 bytes (@ 0x4082ee50, Internal) allocated CPU 0 ccount 0x246a636c caller 0x40801570:0x408015c6
====== Heap Trace Summary ======
Mode: Heap Trace All
136336 bytes alive in trace (238/242 allocations)
records: 242 (256 capacity, 242 high water mark)
total allocations: 242
total frees: 486
================================
[0;32mI (37169) speechster_b1: [Health] rb_fill=0.0% free=49152 heap=53416 frames/s=0 bytes/s=0[0m
[0;32mI (37179) CPU: Idle: 79.2%   Load: 20.8%[0m
[0;32mI (37309) speechster_b1: Connected (handle 0)[0m
[0;32mI (37319) speechster_b1: ble_att_set_preferred_mtu rc=0[0m
[0;32mI (37319) speechster_b1: ble_gap_update_params rc=0[0m
[0;32mI (37319) speechster_b1: ble_gap_set_prefered_le_phy rc=0[0m
[0;32mI (37319) speechster_b1: ble_gap_set_preferred_phys rc=0[0m
[0;32mI (37359) speechster_b1: MTU exchange event: conn=0 mtu=256[0m
[0;32mI (37359) speechster_b1: ble_att_mtu() => 256[0m
[0;32mI (37589) speechster_b1: Subscribe: conn=0 attr_handle=5 cur_notify=1[0m
[0;32mI (37589) speechster_b1: Cached stream attr handle: 5[0m
[0;32mI (42179) speechster_b1: [Health] rb_fill=0.0% free=49152 heap=51080 frames/s=0 bytes/s=0[0m
[0;32mI (42179) CPU: Idle: 81.2%   Load: 18.8%[0m
[0;32mI (44499) speechster_b1: [CTRL_IN] rx JSON: {"mic":true}[0m
[0;32mI (44499) speechster_b1: [JSON_PARSE] mic=1[0m
[0;32mI (47179) speechster_b1: [Health] rb_fill=26.7% free=36048 heap=50304 frames/s=0 bytes/s=841[0m
[0;32mI (47179) CPU: Idle: 82.1%   Load: 17.9%[0m
[0;33mW (47189) HEAPTRACE: [0m
Dumping current heap trace:
====== Heap Trace: 256 records (256 capacity) ======
   132 bytes (@ 0x40835fe0, Internal) allocated CPU 0 ccount 0x37add4b0 caller 0x40801570:0x408015c6
freed by 0x40801464:0x4080159a
   132 bytes (@ 0x408361a4, Internal) allocated CPU 0 ccount 0x37adfbbc caller 0x40801570:0x408015c6
freed by 0x40801464:0x4080159a
   132 bytes (@ 0x40836230, Internal) allocated CPU 0 ccount 0x37ae32c8 caller 0x40801570:0x408015c6
freed by 0x40801464:0x4080159a
    20 bytes (@ 0x40831bb0, Internal) allocated CPU 0 ccount 0x37af3c14 caller 0x40801570:0x408015c6
    24 bytes (@ 0x40835ee0, Internal) allocated CPU 0 ccount 0x37af5724 caller 0x40801570:0x408015c6
    20 bytes (@ 0x4082f34c, Internal) allocated CPU 0 ccount 0x37af6498 caller 0x40801570:0x408015c6
    52 bytes (@ 0x40831be8, Internal) allocated CPU 0 ccount 0x37af74cc caller 0x40801570:0x408015c6
    20 bytes (@ 0x408360a8, Internal) allocated CPU 0 ccount 0x37af833c caller 0x40801570:0x408015c6
    52 bytes (@ 0x408316c8, Internal) allocated CPU 0 ccount 0x37af964c caller 0x40801570:0x408015c6
    20 bytes (@ 0x408362bc, Internal) allocated CPU 0 ccount 0x37afa8a4 caller 0x40801570:0x408015c6
    52 bytes (@ 0x408362d8, Internal) allocated CPU 0 ccount 0x37afbbc0 caller 0x40801570:0x408015c6
    20 bytes (@ 0x40836314, Internal) allocated CPU 0 ccount 0x37afca88 caller 0x40801570:0x408015c6
    28 bytes (@ 0x40836330, Internal) allocated CPU 0 ccount 0x37afddbc caller 0x40801570:0x408015c6
    20 bytes (@ 0x4083637c, Internal) allocated CPU 0 ccount 0x37afec28 caller 0x40801570:0x408015c6
   132 bytes (@ 0x40835fe0, Internal) allocated CPU 0 ccount 0x37b724a0 caller 0x40801570:0x408015c6
   132 bytes (@ 0x408361a4, Internal) allocated CPU 0 ccount 0x37b74ba8 caller 0x40801570:0x408015c6
   132 bytes (@ 0x40836230, Internal) allocated CPU 0 ccount 0x37b783c8 caller 0x40801570:0x408015c6
    20 bytes (@ 0x40831bb0, Internal) allocated CPU 0 ccount 0x37b88e28 caller 0x40801570:0x408015c6
    24 bytes (@ 0x40835ee0, Internal) allocated CPU 0 ccount 0x37b8a938 caller 0x40801570:0x408015c6
    20 bytes (@ 0x4082f34c, Internal) allocated CPU 0 ccount 0x37b8b6ac caller 0x40801570:0x408015c6
    52 bytes (@ 0x40831be8, Internal) allocated CPU 0 ccount 0x37b8c6e0 caller 0x40801570:0x408015c6
    20 bytes (@ 0x408360a8, Internal) allocated CPU 0 ccount 0x37b8d550 caller 0x40801570:0x408015c6
    52 bytes (@ 0x408316c8, Internal) allocated CPU 0 ccount 0x37b8e860 caller 0x40801570:0x408015c6
    20 bytes (@ 0x408362bc, Internal) allocated CPU 0 ccount 0x37b8fab8 caller 0x40801570:0x408015c6
    52 bytes (@ 0x408362d8, Internal) allocated CPU 0 ccount 0x37b90ddc caller 0x40801570:0x408015c6
    20 bytes (@ 0x40836314, Internal) allocated CPU 0 ccount 0x37b91cc0 caller 0x40801570:0x408015c6
    28 bytes (@ 0x40836330, Internal) allocated CPU 0 ccount 0x37b92fe8 caller 0x40801570:0x408015c6
    20 bytes (@ 0x40836354, Internal) allocated CPU 0 ccount 0x37b93eac caller 0x40801570:0x408015c6
   132 bytes (@ 0x40835fe0, Internal) allocated CPU 0 ccount 0x37c06f74 caller 0x40801570:0x408015c6
   132 bytes (@ 0x408361a4, Internal) allocated CPU 0 ccount 0x37c09680 caller 0x40801570:0x408015c6
   132 bytes (@ 0x40836230, Internal) allocated CPU 0 ccount 0x37c0ce98 caller 0x40801570:0x408015c6
    20 bytes (@ 0x40831bb0, Internal) allocated CPU 0 ccount 0x37c1d800 caller 0x40801570:0x408015c6
    24 bytes (@ 0x40835ee0, Internal) allocated CPU 0 ccount 0x37c1f324 caller 0x40801570:0x408015c6
    20 bytes (@ 0x4082f34c, Internal) allocated CPU 0 ccount 0x37c20098 caller 0x40801570:0x408015c6
    52 bytes (@ 0x40831be8, Internal) allocated CPU 0 ccount 0x37c210c8 caller 0x40801570:0x408015c6
    20 bytes (@ 0x408360a8, Internal) allocated CPU 0 ccount 0x37c21f38 caller 0x40801570:0x408015c6
    52 bytes (@ 0x408316c8, Internal) allocated CPU 0 ccount 0x37c235d0 caller 0x40801570:0x408015c6
    20 bytes (@ 0x408362bc, Internal) allocated CPU 0 ccount 0x37c24490 caller 0x40801570:0x408015c6
    52 bytes (@ 0x408362d8, Internal) allocated CPU 0 ccount 0x37c257a8 caller 0x40801570:0x408015c6
    20 bytes (@ 0x40836314, Internal) allocated CPU 0 ccount 0x37c26670 caller 0x40801570:0x408015c6
    28 bytes (@ 0x40836330, Internal) allocated CPU 0 ccount 0x37c279a4 caller 0x40801570:0x408015c6
    20 bytes (@ 0x4083637c, Internal) allocated CPU 0 ccount 0x37c28810 caller 0x40801570:0x408015c6
   132 bytes (@ 0x40835fe0, Internal) allocated CPU 0 ccount 0x37c9bd08 caller 0x40801570:0x408015c6
   132 bytes (@ 0x408361a4, Internal) allocated CPU 0 ccount 0x37c9e414 caller 0x40801570:0x408015c6
   132 bytes (@ 0x40836230, Internal) allocated CPU 0 ccount 0x37ca1c30 caller 0x40801570:0x408015c6
    20 bytes (@ 0x40831bb0, Internal) allocated CPU 0 ccount 0x37cb2610 caller 0x40801570:0x408015c6
    24 bytes (@ 0x40835ee0, Internal) allocated CPU 0 ccount 0x37cb4134 caller 0x40801570:0x408015c6
    20 bytes (@ 0x4082f34c, Internal) allocated CPU 0 ccount 0x37cb4ea8 caller 0x40801570:0x408015c6
    52 bytes (@ 0x40831be8, Internal) allocated CPU 0 ccount 0x37cb5ed8 caller 0x40801570:0x408015c6
    20 bytes (@ 0x408360a8, Internal) allocated CPU 0 ccount 0x37cb6d48 caller 0x40801570:0x408015c6
    52 bytes (@ 0x408316c8, Internal) allocated CPU 0 ccount 0x37cb8048 caller 0x40801570:0x408015c6
    20 bytes (@ 0x408362bc, Internal) allocated CPU 0 ccount 0x37cb92a0 caller 0x40801570:0x408015c6
    52 bytes (@ 0x408362d8, Internal) allocated CPU 0 ccount 0x37cba5d8 caller 0x40801570:0x408015c6
    20 bytes (@ 0x40836314, Internal) allocated CPU 0 ccount 0x37cbb4bc caller 0x40801570:0x408015c6
    28 bytes (@ 0x40836330, Internal) allocated CPU 0 ccount 0x37cbc7f4 caller 0x40801570:0x408015c6
    20 bytes (@ 0x40836354, Internal) allocated CPU 0 ccount 0x37cbd6b8 caller 0x40801570:0x408015c6
   132 bytes (@ 0x40835fe0, Internal) allocated CPU 0 ccount 0x37d2ee44 caller 0x40801570:0x408015c6
   132 bytes (@ 0x408361a4, Internal) allocated CPU 0 ccount 0x37d31550 caller 0x40801570:0x408015c6
   132 bytes (@ 0x40836230, Internal) allocated CPU 0 ccount 0x37d34c5c caller 0x40801570:0x408015c6
    20 bytes (@ 0x40831bb0, Internal) allocated CPU 0 ccount 0x37d45560 caller 0x40801570:0x408015c6
    24 bytes (@ 0x40835ee0, Internal) allocated CPU 0 ccount 0x37d47070 caller 0x40801570:0x408015c6
    20 bytes (@ 0x4082f34c, Internal) allocated CPU 0 ccount 0x37d47de4 caller 0x40801570:0x408015c6
    52 bytes (@ 0x40831be8, Internal) allocated CPU 0 ccount 0x37d48e18 caller 0x40801570:0x408015c6
    20 bytes (@ 0x408360a8, Internal) allocated CPU 0 ccount 0x37d49c88 caller 0x40801570:0x408015c6
    52 bytes (@ 0x408316c8, Internal) allocated CPU 0 ccount 0x37d4af98 caller 0x40801570:0x408015c6
    20 bytes (@ 0x408362bc, Internal) allocated CPU 0 ccount 0x37d4c1f0 caller 0x40801570:0x408015c6
    52 bytes (@ 0x408362d8, Internal) allocated CPU 0 ccount 0x37d4d50c caller 0x40801570:0x408015c6
    20 bytes (@ 0x40836314, Internal) allocated CPU 0 ccount 0x37d4e3d4 caller 0x40801570:0x408015c6
    28 bytes (@ 0x40836330, Internal) allocated CPU 0 ccount 0x37d4f708 caller 0x40801570:0x408015c6
    20 bytes (@ 0x4083637c, Internal) allocated CPU 0 ccount 0x37d50574 caller 0x40801570:0x408015c6
   132 bytes (@ 0x40835fe0, Internal) allocated CPU 0 ccount 0x37dc3a18 caller 0x40801570:0x408015c6
   132 bytes (@ 0x408361a4, Internal) allocated CPU 0 ccount 0x37dc6124 caller 0x40801570:0x408015c6
   132 bytes (@ 0x40836230, Internal) allocated CPU 0 ccount 0x37dc9940 caller 0x40801570:0x408015c6
    20 bytes (@ 0x40831bb0, Internal) allocated CPU 0 ccount 0x37dda358 caller 0x40801570:0x408015c6
    24 bytes (@ 0x40835ee0, Internal) allocated CPU 0 ccount 0x37ddbe6c caller 0x40801570:0x408015c6
    20 bytes (@ 0x4082f34c, Internal) allocated CPU 0 ccount 0x37ddcbe0 caller 0x40801570:0x408015c6
    52 bytes (@ 0x40831be8, Internal) allocated CPU 0 ccount 0x37dddc10 caller 0x40801570:0x408015c6
    20 bytes (@ 0x408360a8, Internal) allocated CPU 0 ccount 0x37ddea80 caller 0x40801570:0x408015c6
    52 bytes (@ 0x408316c8, Internal) allocated CPU 0 ccount 0x37ddfd90 caller 0x40801570:0x408015c6
    20 bytes (@ 0x408362bc, Internal) allocated CPU 0 ccount 0x37de0fec caller 0x40801570:0x408015c6
    52 bytes (@ 0x408362d8, Internal) allocated CPU 0 ccount 0x37de2310 caller 0x40801570:0x408015c6
    20 bytes (@ 0x40836314, Internal) allocated CPU 0 ccount 0x37de31f4 caller 0x40801570:0x408015c6
    28 bytes (@ 0x40836330, Internal) allocated CPU 0 ccount 0x37de451c caller 0x40801570:0x408015c6
    20 bytes (@ 0x40836354, Internal) allocated CPU 0 ccount 0x37de53dc caller 0x40801570:0x408015c6
   132 bytes (@ 0x40835fe0, Internal) allocated CPU 0 ccount 0x37e5634c caller 0x40801570:0x408015c6
   132 bytes (@ 0x408361a4, Internal) allocated CPU 0 ccount 0x37e58a58 caller 0x40801570:0x408015c6
   132 bytes (@ 0x40836230, Internal) allocated CPU 0 ccount 0x37e5c270 caller 0x40801570:0x408015c6
    20 bytes (@ 0x40831bb0, Internal) allocated CPU 0 ccount 0x37e6ca3c caller 0x40801570:0x408015c6
    24 bytes (@ 0x40835ee0, Internal) allocated CPU 0 ccount 0x37e6e560 caller 0x40801570:0x408015c6
    20 bytes (@ 0x4082f34c, Internal) allocated CPU 0 ccount 0x37e6f2d4 caller 0x40801570:0x408015c6
    52 bytes (@ 0x40831be8, Internal) allocated CPU 0 ccount 0x37e7040c caller 0x40801570:0x408015c6
    20 bytes (@ 0x408360a8, Internal) allocated CPU 0 ccount 0x37e71280 caller 0x40801570:0x408015c6
    52 bytes (@ 0x408316c8, Internal) allocated CPU 0 ccount 0x37e7257c caller 0x40801570:0x408015c6
    20 bytes (@ 0x408362bc, Internal) allocated CPU 0 ccount 0x37e737d8 caller 0x40801570:0x408015c6
    52 bytes (@ 0x408362d8, Internal) allocated CPU 0 ccount 0x37e74ae0 caller 0x40801570:0x408015c6
    20 bytes (@ 0x40836314, Internal) allocated CPU 0 ccount 0x37e759a8 caller 0x40801570:0x408015c6
    28 bytes (@ 0x40836330, Internal) allocated CPU 0 ccount 0x37e76cc8 caller 0x40801570:0x408015c6
    20 bytes (@ 0x4083637c, Internal) allocated CPU 0 ccount 0x37e77b34 caller 0x40801570:0x408015c6
   132 bytes (@ 0x40835fe0, Internal) allocated CPU 0 ccount 0x37eeb678 caller 0x40801570:0x408015c6
   132 bytes (@ 0x408361a4, Internal) allocated CPU 0 ccount 0x37eedd80 caller 0x40801570:0x408015c6
   132 bytes (@ 0x40836230, Internal) allocated CPU 0 ccount 0x37ef15a0 caller 0x40801570:0x408015c6
    20 bytes (@ 0x40831bb0, Internal) allocated CPU 0 ccount 0x37f01ff8 caller 0x40801570:0x408015c6
    24 bytes (@ 0x40835ee0, Internal) allocated CPU 0 ccount 0x37f03b1c caller 0x40801570:0x408015c6
    20 bytes (@ 0x4082f34c, Internal) allocated CPU 0 ccount 0x37f04890 caller 0x40801570:0x408015c6
    52 bytes (@ 0x40831be8, Internal) allocated CPU 0 ccount 0x37f058c0 caller 0x40801570:0x408015c6
    20 bytes (@ 0x408360a8, Internal) allocated CPU 0 ccount 0x37f06730 caller 0x40801570:0x408015c6
    52 bytes (@ 0x408316c8, Internal) allocated CPU 0 ccount 0x37f07dc4 caller 0x40801570:0x408015c6
    20 bytes (@ 0x408362bc, Internal) allocated CPU 0 ccount 0x37f08c88 caller 0x40801570:0x408015c6
    52 bytes (@ 0x408362d8, Internal) allocated CPU 0 ccount 0x37f09fc0 caller 0x40801570:0x408015c6
    20 bytes (@ 0x40836314, Internal) allocated CPU 0 ccount 0x37f0aea4 caller 0x40801570:0x408015c6
    28 bytes (@ 0x40836330, Internal) allocated CPU 0 ccount 0x37f0c1dc caller 0x40801570:0x408015c6
    20 bytes (@ 0x40836354, Internal) allocated CPU 0 ccount 0x37f0d0a0 caller 0x40801570:0x408015c6
   132 bytes (@ 0x40835fe0, Internal) allocated CPU 0 ccount 0x37f80eec caller 0x40801570:0x408015c6
   132 bytes (@ 0x408361a4, Internal) allocated CPU 0 ccount 0x37f835f8 caller 0x40801570:0x408015c6
   132 bytes (@ 0x40836230, Internal) allocated CPU 0 ccount 0x37f86d04 caller 0x40801570:0x408015c6
    20 bytes (@ 0x40831bb0, Internal) allocated CPU 0 ccount 0x37f97658 caller 0x40801570:0x408015c6
    24 bytes (@ 0x40835ee0, Internal) allocated CPU 0 ccount 0x37f9916c caller 0x40801570:0x408015c6
    20 bytes (@ 0x4082f34c, Internal) allocated CPU 0 ccount 0x37f99ee0 caller 0x40801570:0x408015c6
    52 bytes (@ 0x40831be8, Internal) allocated CPU 0 ccount 0x37f9af10 caller 0x40801570:0x408015c6
    20 bytes (@ 0x408360a8, Internal) allocated CPU 0 ccount 0x37f9bd80 caller 0x40801570:0x408015c6
    52 bytes (@ 0x408316c8, Internal) allocated CPU 0 ccount 0x37f9d090 caller 0x40801570:0x408015c6
    20 bytes (@ 0x408362bc, Internal) allocated CPU 0 ccount 0x37f9e2ec caller 0x40801570:0x408015c6
    52 bytes (@ 0x408362d8, Internal) allocated CPU 0 ccount 0x37f9f604 caller 0x40801570:0x408015c6
    20 bytes (@ 0x40836314, Internal) allocated CPU 0 ccount 0x37fa04cc caller 0x40801570:0x408015c6
    28 bytes (@ 0x40836330, Internal) allocated CPU 0 ccount 0x37fa1800 caller 0x40801570:0x408015c6
    20 bytes (@ 0x4083637c, Internal) allocated CPU 0 ccount 0x37fa266c caller 0x40801570:0x408015c6
   132 bytes (@ 0x40835fe0, Internal) allocated CPU 0 ccount 0x380163b4 caller 0x40801570:0x408015c6
   132 bytes (@ 0x408361a4, Internal) allocated CPU 0 ccount 0x38018abc caller 0x40801570:0x408015c6
   132 bytes (@ 0x40836230, Internal) allocated CPU 0 ccount 0x3801c2dc caller 0x40801570:0x408015c6
    20 bytes (@ 0x40831bb0, Internal) allocated CPU 0 ccount 0x3802ccb4 caller 0x40801570:0x408015c6
    24 bytes (@ 0x40835ee0, Internal) allocated CPU 0 ccount 0x3802e7c8 caller 0x40801570:0x408015c6
    20 bytes (@ 0x4082f34c, Internal) allocated CPU 0 ccount 0x3802f53c caller 0x40801570:0x408015c6
    52 bytes (@ 0x40831be8, Internal) allocated CPU 0 ccount 0x3803056c caller 0x40801570:0x408015c6
    20 bytes (@ 0x408360a8, Internal) allocated CPU 0 ccount 0x380313dc caller 0x40801570:0x408015c6
    52 bytes (@ 0x408316c8, Internal) allocated CPU 0 ccount 0x380326ec caller 0x40801570:0x408015c6
    20 bytes (@ 0x408362bc, Internal) allocated CPU 0 ccount 0x38033948 caller 0x40801570:0x408015c6
    52 bytes (@ 0x408362d8, Internal) allocated CPU 0 ccount 0x38034c6c caller 0x40801570:0x408015c6
    20 bytes (@ 0x40836314, Internal) allocated CPU 0 ccount 0x38035b50 caller 0x40801570:0x408015c6
    28 bytes (@ 0x40836330, Internal) allocated CPU 0 ccount 0x38036e78 caller 0x40801570:0x408015c6
    20 bytes (@ 0x40836354, Internal) allocated CPU 0 ccount 0x38037d38 caller 0x40801570:0x408015c6
   132 bytes (@ 0x40835fe0, Internal) allocated CPU 0 ccount 0x380a751c caller 0x40801570:0x408015c6
   132 bytes (@ 0x408361a4, Internal) allocated CPU 0 ccount 0x380a9c28 caller 0x40801570:0x408015c6
   132 bytes (@ 0x40836230, Internal) allocated CPU 0 ccount 0x380ad334 caller 0x40801570:0x408015c6
    20 bytes (@ 0x40831bb0, Internal) allocated CPU 0 ccount 0x380bdc5c caller 0x40801570:0x408015c6
    24 bytes (@ 0x40835ee0, Internal) allocated CPU 0 ccount 0x380bf76c caller 0x40801570:0x408015c6
    20 bytes (@ 0x4082f34c, Internal) allocated CPU 0 ccount 0x380c04e0 caller 0x40801570:0x408015c6
    52 bytes (@ 0x40831be8, Internal) allocated CPU 0 ccount 0x380c1514 caller 0x40801570:0x408015c6
    20 bytes (@ 0x408360a8, Internal) allocated CPU 0 ccount 0x380c2384 caller 0x40801570:0x408015c6
    52 bytes (@ 0x408316c8, Internal) allocated CPU 0 ccount 0x380c3694 caller 0x40801570:0x408015c6
    20 bytes (@ 0x408362bc, Internal) allocated CPU 0 ccount 0x380c48ec caller 0x40801570:0x408015c6
    52 bytes (@ 0x408362d8, Internal) allocated CPU 0 ccount 0x380c5c08 caller 0x40801570:0x408015c6
    20 bytes (@ 0x40836314, Internal) allocated CPU 0 ccount 0x380c6ad0 caller 0x40801570:0x408015c6
    28 bytes (@ 0x40836330, Internal) allocated CPU 0 ccount 0x380c7e04 caller 0x40801570:0x408015c6
    20 bytes (@ 0x4083637c, Internal) allocated CPU 0 ccount 0x380c8c70 caller 0x40801570:0x408015c6
   132 bytes (@ 0x40835fe0, Internal) allocated CPU 0 ccount 0x3813acd8 caller 0x40801570:0x408015c6
   132 bytes (@ 0x408361a4, Internal) allocated CPU 0 ccount 0x3813d3e0 caller 0x40801570:0x408015c6
   132 bytes (@ 0x40836230, Internal) allocated CPU 0 ccount 0x38140c00 caller 0x40801570:0x408015c6
    20 bytes (@ 0x40831bb0, Internal) allocated CPU 0 ccount 0x381515ec caller 0x40801570:0x408015c6
    24 bytes (@ 0x40835ee0, Internal) allocated CPU 0 ccount 0x38153110 caller 0x40801570:0x408015c6
    20 bytes (@ 0x4082f34c, Internal) allocated CPU 0 ccount 0x38153e84 caller 0x40801570:0x408015c6
    52 bytes (@ 0x40831be8, Internal) allocated CPU 0 ccount 0x38154eb8 caller 0x40801570:0x408015c6
    20 bytes (@ 0x408360a8, Internal) allocated CPU 0 ccount 0x38155d28 caller 0x40801570:0x408015c6
    52 bytes (@ 0x408316c8, Internal) allocated CPU 0 ccount 0x38157028 caller 0x40801570:0x408015c6
    20 bytes (@ 0x408362bc, Internal) allocated CPU 0 ccount 0x38158280 caller 0x40801570:0x408015c6
    52 bytes (@ 0x408362d8, Internal) allocated CPU 0 ccount 0x381595b4 caller 0x40801570:0x408015c6
    20 bytes (@ 0x40836314, Internal) allocated CPU 0 ccount 0x3815a498 caller 0x40801570:0x408015c6
    28 bytes (@ 0x40836330, Internal) allocated CPU 0 ccount 0x3815b7d4 caller 0x40801570:0x408015c6
    20 bytes (@ 0x40836354, Internal) allocated CPU 0 ccount 0x3815c698 caller 0x40801570:0x408015c6
   132 bytes (@ 0x40835fe0, Internal) allocated CPU 0 ccount 0x381cd6e4 caller 0x40801570:0x408015c6
   132 bytes (@ 0x408361a4, Internal) allocated CPU 0 ccount 0x381cfdf0 caller 0x40801570:0x408015c6
   132 bytes (@ 0x40836230, Internal) allocated CPU 0 ccount 0x381d3608 caller 0x40801570:0x408015c6
    20 bytes (@ 0x40831bb0, Internal) allocated CPU 0 ccount 0x381e3e60 caller 0x40801570:0x408015c6
    24 bytes (@ 0x40835ee0, Internal) allocated CPU 0 ccount 0x381e5984 caller 0x40801570:0x408015c6
